Archive member included because of file (symbol)

c:/winavr-20090313/bin/../lib/gcc/avr/4.3.2/../../../../avr/lib/avr5\libm.a(cmpsf2.o)
                              build/usart.o (__ltsf2)
c:/winavr-20090313/bin/../lib/gcc/avr/4.3.2/../../../../avr/lib/avr5\libm.a(divsf3.o)
                              build/irc.o (__divsf3)
c:/winavr-20090313/bin/../lib/gcc/avr/4.3.2/../../../../avr/lib/avr5\libm.a(divsf3x.o)
                              c:/winavr-20090313/bin/../lib/gcc/avr/4.3.2/../../../../avr/lib/avr5\libm.a(divsf3.o) (__divsf3x)
c:/winavr-20090313/bin/../lib/gcc/avr/4.3.2/../../../../avr/lib/avr5\libm.a(fixsfsi.o)
                              build/irc.o (__fixsfsi)
c:/winavr-20090313/bin/../lib/gcc/avr/4.3.2/../../../../avr/lib/avr5\libm.a(fixunssfsi.o)
                              build/irc.o (__fixunssfsi)
c:/winavr-20090313/bin/../lib/gcc/avr/4.3.2/../../../../avr/lib/avr5\libm.a(floatsisf.o)
                              build/usart.o (__floatunsisf)
c:/winavr-20090313/bin/../lib/gcc/avr/4.3.2/../../../../avr/lib/avr5\libm.a(fp_cmp.o)
                              c:/winavr-20090313/bin/../lib/gcc/avr/4.3.2/../../../../avr/lib/avr5\libm.a(cmpsf2.o) (__fp_cmp)
c:/winavr-20090313/bin/../lib/gcc/avr/4.3.2/../../../../avr/lib/avr5\libm.a(fp_inf.o)
                              c:/winavr-20090313/bin/../lib/gcc/avr/4.3.2/../../../../avr/lib/avr5\libm.a(divsf3x.o) (__fp_inf)
c:/winavr-20090313/bin/../lib/gcc/avr/4.3.2/../../../../avr/lib/avr5\libm.a(fp_nan.o)
                              c:/winavr-20090313/bin/../lib/gcc/avr/4.3.2/../../../../avr/lib/avr5\libm.a(divsf3x.o) (__fp_nan)
c:/winavr-20090313/bin/../lib/gcc/avr/4.3.2/../../../../avr/lib/avr5\libm.a(fp_pscA.o)
                              c:/winavr-20090313/bin/../lib/gcc/avr/4.3.2/../../../../avr/lib/avr5\libm.a(divsf3x.o) (__fp_pscA)
c:/winavr-20090313/bin/../lib/gcc/avr/4.3.2/../../../../avr/lib/avr5\libm.a(fp_pscB.o)
                              c:/winavr-20090313/bin/../lib/gcc/avr/4.3.2/../../../../avr/lib/avr5\libm.a(divsf3x.o) (__fp_pscB)
c:/winavr-20090313/bin/../lib/gcc/avr/4.3.2/../../../../avr/lib/avr5\libm.a(fp_round.o)
                              c:/winavr-20090313/bin/../lib/gcc/avr/4.3.2/../../../../avr/lib/avr5\libm.a(divsf3.o) (__fp_round)
c:/winavr-20090313/bin/../lib/gcc/avr/4.3.2/../../../../avr/lib/avr5\libm.a(fp_split3.o)
                              c:/winavr-20090313/bin/../lib/gcc/avr/4.3.2/../../../../avr/lib/avr5\libm.a(divsf3x.o) (__fp_split3)
c:/winavr-20090313/bin/../lib/gcc/avr/4.3.2/../../../../avr/lib/avr5\libm.a(fp_zero.o)
                              c:/winavr-20090313/bin/../lib/gcc/avr/4.3.2/../../../../avr/lib/avr5\libm.a(fixunssfsi.o) (__fp_zero)
c:/winavr-20090313/bin/../lib/gcc/avr/4.3.2/../../../../avr/lib/avr5\libm.a(gesf2.o)
                              build/irc.o (__gtsf2)
c:/winavr-20090313/bin/../lib/gcc/avr/4.3.2/../../../../avr/lib/avr5\libm.a(mulsf3.o)
                              build/irc.o (__mulsf3)
c:/winavr-20090313/bin/../lib/gcc/avr/4.3.2/../../../../avr/lib/avr5\libm.a(mulsf3x.o)
                              c:/winavr-20090313/bin/../lib/gcc/avr/4.3.2/../../../../avr/lib/avr5\libm.a(mulsf3.o) (__mulsf3x)
c:/winavr-20090313/bin/../lib/gcc/avr/4.3.2/avr5\libgcc.a(_udivmodhi4.o)
                              build/irc.o (__udivmodhi4)
c:/winavr-20090313/bin/../lib/gcc/avr/4.3.2/avr5\libgcc.a(_exit.o)
                              c:/winavr-20090313/bin/../lib/gcc/avr/4.3.2/../../../../avr/lib/avr5/crtm32.o (exit)
c:/winavr-20090313/bin/../lib/gcc/avr/4.3.2/avr5\libgcc.a(_copy_data.o)
                              build/main.o (__do_copy_data)
c:/winavr-20090313/bin/../lib/gcc/avr/4.3.2/avr5\libgcc.a(_clear_bss.o)
                              build/main.o (__do_clear_bss)
c:/winavr-20090313/bin/../lib/gcc/avr/4.3.2/../../../../avr/lib/avr5\libc.a(malloc.o)
                              build/memory.o (malloc)
c:/winavr-20090313/bin/../lib/gcc/avr/4.3.2/../../../../avr/lib/avr5\libc.a(memcpy_P.o)
                              build/usart.o (memcpy_P)
c:/winavr-20090313/bin/../lib/gcc/avr/4.3.2/../../../../avr/lib/avr5\libc.a(strcpy_P.o)
                              build/main.o (strcpy_P)
c:/winavr-20090313/bin/../lib/gcc/avr/4.3.2/../../../../avr/lib/avr5\libc.a(strlen_P.o)
                              build/main.o (strlen_P)
c:/winavr-20090313/bin/../lib/gcc/avr/4.3.2/../../../../avr/lib/avr5\libc.a(eerd_block.o)
                              build/eeprom.o (__eerd_block)
c:/winavr-20090313/bin/../lib/gcc/avr/4.3.2/../../../../avr/lib/avr5\libc.a(eerd_word.o)
                              build/eeprom.o (__eerd_word)
c:/winavr-20090313/bin/../lib/gcc/avr/4.3.2/../../../../avr/lib/avr5\libc.a(eewr_block.o)
                              build/eeprom.o (__eewr_block)
c:/winavr-20090313/bin/../lib/gcc/avr/4.3.2/../../../../avr/lib/avr5\libc.a(eewr_word.o)
                              build/eeprom.o (__eewr_word)
c:/winavr-20090313/bin/../lib/gcc/avr/4.3.2/../../../../avr/lib/avr5\libc.a(sprintf.o)
                              build/error.o (sprintf)
c:/winavr-20090313/bin/../lib/gcc/avr/4.3.2/../../../../avr/lib/avr5\libc.a(vfprintf_std.o)
                              c:/winavr-20090313/bin/../lib/gcc/avr/4.3.2/../../../../avr/lib/avr5\libc.a(sprintf.o) (vfprintf)
c:/winavr-20090313/bin/../lib/gcc/avr/4.3.2/../../../../avr/lib/avr5\libc.a(strnlen_P.o)
                              c:/winavr-20090313/bin/../lib/gcc/avr/4.3.2/../../../../avr/lib/avr5\libc.a(vfprintf_std.o) (strnlen_P)
c:/winavr-20090313/bin/../lib/gcc/avr/4.3.2/../../../../avr/lib/avr5\libc.a(strnlen.o)
                              c:/winavr-20090313/bin/../lib/gcc/avr/4.3.2/../../../../avr/lib/avr5\libc.a(vfprintf_std.o) (strnlen)
c:/winavr-20090313/bin/../lib/gcc/avr/4.3.2/../../../../avr/lib/avr5\libc.a(fputc.o)
                              c:/winavr-20090313/bin/../lib/gcc/avr/4.3.2/../../../../avr/lib/avr5\libc.a(vfprintf_std.o) (fputc)
c:/winavr-20090313/bin/../lib/gcc/avr/4.3.2/../../../../avr/lib/avr5\libc.a(ultoa_invert.o)
                              c:/winavr-20090313/bin/../lib/gcc/avr/4.3.2/../../../../avr/lib/avr5\libc.a(vfprintf_std.o) (__ultoa_invert)
c:/winavr-20090313/bin/../lib/gcc/avr/4.3.2/avr5\libgcc.a(_prologue.o)
                              c:/winavr-20090313/bin/../lib/gcc/avr/4.3.2/../../../../avr/lib/avr5\libc.a(eerd_block.o) (__prologue_saves__)
c:/winavr-20090313/bin/../lib/gcc/avr/4.3.2/avr5\libgcc.a(_epilogue.o)
                              c:/winavr-20090313/bin/../lib/gcc/avr/4.3.2/../../../../avr/lib/avr5\libc.a(eerd_block.o) (__epilogue_restores__)

Allocating common symbols
Common symbol       size              file

str_buf             0x29              build/main.o
usart_trans_buff    0x12              build/usart.o
p_akt_screen        0x2               build/lcd.o
msg_buffer          0xa               build/usart.o
__brkval            0x2               c:/winavr-20090313/bin/../lib/gcc/avr/4.3.2/../../../../avr/lib/avr5\libc.a(malloc.o)
lower_buffer        0xfa              build/usart.o
default_screen      0xa0              build/lcd.o
recived_msg         0xb               build/usart.o
usart_recv_buff     0x12              build/usart.o
__flp               0x2               c:/winavr-20090313/bin/../lib/gcc/avr/4.3.2/../../../../avr/lib/avr5\libc.a(malloc.o)

Memory Configuration

Name             Origin             Length             Attributes
text             0x00000000         0x00020000         xr
data             0x00800060         0x0000ffa0         rw !x
eeprom           0x00810000         0x00010000         rw !x
fuse             0x00820000         0x00000400         rw !x
lock             0x00830000         0x00000400         rw !x
signature        0x00840000         0x00000400         rw !x
*default*        0x00000000         0xffffffff

Linker script and memory map

LOAD c:/winavr-20090313/bin/../lib/gcc/avr/4.3.2/../../../../avr/lib/avr5/crtm32.o
LOAD build/main.o
LOAD build/usart.o
LOAD build/usart_recv.o
LOAD build/irc.o
LOAD build/irc2.o
LOAD build/eeprom.o
LOAD build/lcd.o
LOAD build/convert.o
LOAD build/error.o
LOAD build/keyboard.o
LOAD build/buttons.o
LOAD build/watchdog.o
LOAD build/sysinfo.o
LOAD build/inout.o
LOAD build/default_scr.o
LOAD build/memory.o
LOAD c:/winavr-20090313/bin/../lib/gcc/avr/4.3.2/../../../../avr/lib/avr5\libm.a
LOAD c:/winavr-20090313/bin/../lib/gcc/avr/4.3.2/avr5\libgcc.a
LOAD c:/winavr-20090313/bin/../lib/gcc/avr/4.3.2/../../../../avr/lib/avr5\libc.a
LOAD c:/winavr-20090313/bin/../lib/gcc/avr/4.3.2/avr5\libgcc.a

.hash
 *(.hash)

.dynsym
 *(.dynsym)

.dynstr
 *(.dynstr)

.gnu.version
 *(.gnu.version)

.gnu.version_d
 *(.gnu.version_d)

.gnu.version_r
 *(.gnu.version_r)

.rel.init
 *(.rel.init)

.rela.init
 *(.rela.init)

.rel.text
 *(.rel.text)
 *(.rel.text.*)
 *(.rel.gnu.linkonce.t*)

.rela.text
 *(.rela.text)
 *(.rela.text.*)
 *(.rela.gnu.linkonce.t*)

.rel.fini
 *(.rel.fini)

.rela.fini
 *(.rela.fini)

.rel.rodata
 *(.rel.rodata)
 *(.rel.rodata.*)
 *(.rel.gnu.linkonce.r*)

.rela.rodata
 *(.rela.rodata)
 *(.rela.rodata.*)
 *(.rela.gnu.linkonce.r*)

.rel.data
 *(.rel.data)
 *(.rel.data.*)
 *(.rel.gnu.linkonce.d*)

.rela.data
 *(.rela.data)
 *(.rela.data.*)
 *(.rela.gnu.linkonce.d*)

.rel.ctors
 *(.rel.ctors)

.rela.ctors
 *(.rela.ctors)

.rel.dtors
 *(.rel.dtors)

.rela.dtors
 *(.rela.dtors)

.rel.got
 *(.rel.got)

.rela.got
 *(.rela.got)

.rel.bss
 *(.rel.bss)

.rela.bss
 *(.rela.bss)

.rel.plt
 *(.rel.plt)

.rela.plt
 *(.rela.plt)

.text           0x00000000     0x47c2
 *(.vectors)
 .vectors       0x00000000       0x54 c:/winavr-20090313/bin/../lib/gcc/avr/4.3.2/../../../../avr/lib/avr5/crtm32.o
                0x00000000                __vectors
                0x00000000                __vector_default
 *(.vectors)
 *(.progmem.gcc*)
 .progmem.gcc_sw_table
                0x00000054      0x13a build/usart_recv.o
 .progmem.gcc_sw_table
                0x0000018e      0x192 build/error.o
 .progmem.gcc_sw_table
                0x00000320      0x1e0 build/keyboard.o
 *(.progmem*)
 .progmem.data  0x00000500       0x4c build/main.o
 .progmem.data  0x0000054c       0x18 build/usart_recv.o
 .progmem.data  0x00000564      0x7c2 build/error.o
 .progmem.data  0x00000d26       0x55 build/watchdog.o
 .progmem.data  0x00000d7b       0x1f build/default_scr.o
                0x00000d9a                . = ALIGN (0x2)
                0x00000d9a                __trampolines_start = .
 *(.trampolines)
 .trampolines   0x00000d9a        0x0 linker stubs
 *(.trampolines*)
                0x00000d9a                __trampolines_end = .
 *(.jumptables)
 *(.jumptables*)
 *(.lowtext)
 *(.lowtext*)
                0x00000d9a                __ctors_start = .
 *(.ctors)
                0x00000d9a                __ctors_end = .
                0x00000d9a                __dtors_start = .
 *(.dtors)
                0x00000d9a                __dtors_end = .
 SORT(*)(.ctors)
 SORT(*)(.dtors)
 *(.init0)
 .init0         0x00000d9a        0x0 c:/winavr-20090313/bin/../lib/gcc/avr/4.3.2/../../../../avr/lib/avr5/crtm32.o
                0x00000d9a                __init
 *(.init0)
 *(.init1)
 *(.init1)
 *(.init2)
 .init2         0x00000d9a        0xc c:/winavr-20090313/bin/../lib/gcc/avr/4.3.2/../../../../avr/lib/avr5/crtm32.o
 *(.init2)
 *(.init3)
 *(.init3)
 *(.init4)
 .init4         0x00000da6       0x16 c:/winavr-20090313/bin/../lib/gcc/avr/4.3.2/avr5\libgcc.a(_copy_data.o)
                0x00000da6                __do_copy_data
 .init4         0x00000dbc       0x10 c:/winavr-20090313/bin/../lib/gcc/avr/4.3.2/avr5\libgcc.a(_clear_bss.o)
                0x00000dbc                __do_clear_bss
 *(.init4)
 *(.init5)
 *(.init5)
 *(.init6)
 *(.init6)
 *(.init7)
 *(.init7)
 *(.init8)
 *(.init8)
 *(.init9)
 .init9         0x00000dcc        0x8 c:/winavr-20090313/bin/../lib/gcc/avr/4.3.2/../../../../avr/lib/avr5/crtm32.o
 *(.init9)
 *(.text)
 .text          0x00000dd4        0x4 c:/winavr-20090313/bin/../lib/gcc/avr/4.3.2/../../../../avr/lib/avr5/crtm32.o
                0x00000dd4                __vector_1
                0x00000dd4                __vector_12
                0x00000dd4                __bad_interrupt
                0x00000dd4                __vector_6
                0x00000dd4                __vector_3
                0x00000dd4                __vector_11
                0x00000dd4                __vector_17
                0x00000dd4                __vector_19
                0x00000dd4                __vector_5
                0x00000dd4                __vector_4
                0x00000dd4                __vector_9
                0x00000dd4                __vector_15
                0x00000dd4                __vector_8
                0x00000dd4                __vector_10
                0x00000dd4                __vector_16
                0x00000dd4                __vector_18
                0x00000dd4                __vector_20
 .text          0x00000dd8      0x3a6 build/main.o
                0x00000dea                get_data_from_server
                0x00000de8                prazdna
                0x00000e46                send_start_msg
                0x00000f28                __vector_7
                0x00000f8a                test_shutdown
                0x00000dd8                ioinit
                0x00001050                main
                0x00000e94                send_irc_values_to_PC
                0x00000e60                getstr_P
                0x00000e12                get_data_from_katr
                0x00000e0a                err102
 .text          0x0000117e      0x7fe build/usart.o
                0x0000117e                get_recv_buffer
                0x0000169c                new_msg_P
                0x000011b0                msg_time_pp
                0x00001748                send_msg
                0x00001442                new_msg
                0x0000127a                msg_ack_fcn
                0x000013d0                __vector_13
                0x0000141a                process_recived_msg
                0x00001576                serial_msg_ack_timer
                0x000016d6                to_transmitt_buffer
                0x00001184                USART_Init
                0x000018fc                serial_read_buffer
                0x000015ee                new_ack_msg
                0x00001382                into_lower_buffer
                0x00001204                msg_time_0
                0x000012ca                usart_get_recv_buff
                0x00001506                send_uint32
                0x00001228                test_message
                0x000012d4                recive_uint32
                0x00001216                get_msg_time
                0x00001822                __vector_14
                0x000012a2                msg_nack_fcn
                0x0000134c                getc_lb
                0x00001304                inc_lower_buffer_oldest
 .text          0x0000197c      0x316 build/usart_recv.o
                0x00001986                msg_0A
                0x00001990                recv_msg
                0x0000197c                msg_14
 .text          0x00001c92      0x36c build/irc.o
                0x00001f6a                set_irc1_set_on_value_mm
                0x00001cd2                irc1_get_k
                0x00001d8a                irc1_watch
                0x00001cee                irc1_init
                0x00001cdc                set_irc1_set_on_value
                0x00001c92                get_irc1_set_on_value
                0x00001d26                irc1_get_l
                0x00001cc8                set_irc1_k
                0x00001ca4                set_irc1_counter
                0x00001fd0                set_irc1_k_mm
                0x00001cb6                get_irc1_counter
 .text          0x00001ffe      0x37e build/irc2.o
                0x0000209a                irc2_get_l
                0x0000205a                irc2_init
                0x00002022                get_irc2_counter
                0x000020fe                irc2_watch
                0x00002010                set_irc2_counter
                0x00001ffe                get_irc2_set_on_value
                0x0000234e                set_irc2_k_mm
                0x0000203e                irc2_get_k
                0x00002034                set_irc2_k
                0x000022e8                set_irc2_set_on_value_mm
                0x00002048                set_irc2_set_on_value
 .text          0x0000237c      0x1ee build/eeprom.o
                0x00002518                eeprom_load
                0x000024b0                eeprom_save
                0x00002486                eeprom_w16
                0x000023dc                eeprom_r8
                0x000023a4                eeprom_w8
                0x000023ec                eeprom_r32
                0x00002444                eeprom_w32
                0x0000247c                eeprom_r16
 .text          0x0000256a      0x5c8 build/lcd.o
                0x00002a26                printxy
                0x00002b1e                print
                0x0000294c                printxyd_P
                0x00002650                printnt
                0x000025da                printc
                0x00002b0a                printxyd
                0x0000257e                d10
                0x00002594                clear_dscreen
                0x00002830                lcd_control
                0x00002668                printcxyd
                0x00002712                lcd_init
                0x0000256a                lcd_new_frame
                0x00002694                printnxyd
                0x000026e2                lcd_w_inst
                0x000025b6                clear_screen
                0x00002634                printnt_P
 .text          0x00002b32      0x20e build/convert.o
                0x00002b32                mezery
                0x00002b84                int2strn
                0x00002d14                int2str
                0x00002b5e                strlen
 .text          0x00002d40      0x354 build/error.o
                0x00002dfe                print_err
                0x00003066                new_error
                0x00002d46                err_assert
                0x00002d44                error_scr_control
                0x00003028                error_scr_draw
                0x00002dd0                new_str_error
                0x00002d40                err_control
                0x00002d42                err_scr_open
 .text          0x00003094      0x460 build/keyboard.o
                0x0000316c                keyboard_init
                0x00003100                get_spec
                0x00003094                get_char
                0x0000322e                zpracuj_kod
                0x000031bc                keyb_in_buff
                0x00003454                __vector_2
                0x0000317e                keyboard_recv_watchdog
 .text          0x000034f4       0xd2 build/buttons.o
                0x000034f4                buttons_init
                0x00003502                buttons
 .text          0x000035c6      0x112 build/watchdog.o
                0x000035e2                wtch_main
                0x000035c6                wtch_init
 .text          0x000036d8      0x26c build/sysinfo.o
                0x000037d6                si_print_recv_buffer
                0x0000373e                sysinfo
                0x000036d8                si_set_flag
                0x00003772                si_print_error
                0x000036de                si_print_mem
 .text          0x00003944       0x4e build/inout.o
                0x00003970                io_irc1_options
                0x00003946                io_msr_led_on
                0x0000394e                io_irc2_options
                0x0000394a                io_msr_led_off
                0x00003944                inout_init
 .text          0x00003992      0x194 build/default_scr.o
                0x00003992                default_scr_control
                0x00003ab0                default_scr_draw
 .text          0x00003b26       0x52 build/memory.o
                0x00003b26                used_mem
                0x00003b48                mmalloc
                0x00003b30                mfree
 .text          0x00003b78        0x0 c:/winavr-20090313/bin/../lib/gcc/avr/4.3.2/../../../../avr/lib/avr5\libm.a(cmpsf2.o)
 .text          0x00003b78        0x0 c:/winavr-20090313/bin/../lib/gcc/avr/4.3.2/../../../../avr/lib/avr5\libm.a(divsf3.o)
 .text          0x00003b78        0x0 c:/winavr-20090313/bin/../lib/gcc/avr/4.3.2/../../../../avr/lib/avr5\libm.a(divsf3x.o)
 .text          0x00003b78        0x0 c:/winavr-20090313/bin/../lib/gcc/avr/4.3.2/../../../../avr/lib/avr5\libm.a(fixsfsi.o)
 .text          0x00003b78        0x0 c:/winavr-20090313/bin/../lib/gcc/avr/4.3.2/../../../../avr/lib/avr5\libm.a(fixunssfsi.o)
 .text          0x00003b78        0x0 c:/winavr-20090313/bin/../lib/gcc/avr/4.3.2/../../../../avr/lib/avr5\libm.a(floatsisf.o)
 .text          0x00003b78        0x0 c:/winavr-20090313/bin/../lib/gcc/avr/4.3.2/../../../../avr/lib/avr5\libm.a(fp_cmp.o)
 .text          0x00003b78        0x0 c:/winavr-20090313/bin/../lib/gcc/avr/4.3.2/../../../../avr/lib/avr5\libm.a(fp_inf.o)
 .text          0x00003b78        0x0 c:/winavr-20090313/bin/../lib/gcc/avr/4.3.2/../../../../avr/lib/avr5\libm.a(fp_nan.o)
 .text          0x00003b78        0x0 c:/winavr-20090313/bin/../lib/gcc/avr/4.3.2/../../../../avr/lib/avr5\libm.a(fp_pscA.o)
 .text          0x00003b78        0x0 c:/winavr-20090313/bin/../lib/gcc/avr/4.3.2/../../../../avr/lib/avr5\libm.a(fp_pscB.o)
 .text          0x00003b78        0x0 c:/winavr-20090313/bin/../lib/gcc/avr/4.3.2/../../../../avr/lib/avr5\libm.a(fp_round.o)
 .text          0x00003b78        0x0 c:/winavr-20090313/bin/../lib/gcc/avr/4.3.2/../../../../avr/lib/avr5\libm.a(fp_split3.o)
 .text          0x00003b78        0x0 c:/winavr-20090313/bin/../lib/gcc/avr/4.3.2/../../../../avr/lib/avr5\libm.a(fp_zero.o)
 .text          0x00003b78        0x0 c:/winavr-20090313/bin/../lib/gcc/avr/4.3.2/../../../../avr/lib/avr5\libm.a(gesf2.o)
 .text          0x00003b78        0x0 c:/winavr-20090313/bin/../lib/gcc/avr/4.3.2/../../../../avr/lib/avr5\libm.a(mulsf3.o)
 .text          0x00003b78        0x0 c:/winavr-20090313/bin/../lib/gcc/avr/4.3.2/../../../../avr/lib/avr5\libm.a(mulsf3x.o)
 .text          0x00003b78        0x0 c:/winavr-20090313/bin/../lib/gcc/avr/4.3.2/avr5\libgcc.a(_udivmodhi4.o)
 .text          0x00003b78        0x0 c:/winavr-20090313/bin/../lib/gcc/avr/4.3.2/avr5\libgcc.a(_exit.o)
 .text          0x00003b78        0x0 c:/winavr-20090313/bin/../lib/gcc/avr/4.3.2/avr5\libgcc.a(_copy_data.o)
 .text          0x00003b78        0x0 c:/winavr-20090313/bin/../lib/gcc/avr/4.3.2/avr5\libgcc.a(_clear_bss.o)
 .text          0x00003b78      0x20a c:/winavr-20090313/bin/../lib/gcc/avr/4.3.2/../../../../avr/lib/avr5\libc.a(malloc.o)
                0x00003b78                malloc
                0x00003cd2                free
 .text          0x00003d82       0x12 c:/winavr-20090313/bin/../lib/gcc/avr/4.3.2/../../../../avr/lib/avr5\libc.a(memcpy_P.o)
                0x00003d82                memcpy_P
 .text          0x00003d94        0xe c:/winavr-20090313/bin/../lib/gcc/avr/4.3.2/../../../../avr/lib/avr5\libc.a(strcpy_P.o)
                0x00003d94                strcpy_P
 .text          0x00003da2       0x12 c:/winavr-20090313/bin/../lib/gcc/avr/4.3.2/../../../../avr/lib/avr5\libc.a(strlen_P.o)
                0x00003da2                strlen_P
 .text          0x00003db4       0x38 c:/winavr-20090313/bin/../lib/gcc/avr/4.3.2/../../../../avr/lib/avr5\libc.a(eerd_block.o)
                0x00003db4                __eerd_block
 .text          0x00003dec       0x2c c:/winavr-20090313/bin/../lib/gcc/avr/4.3.2/../../../../avr/lib/avr5\libc.a(eerd_word.o)
                0x00003dec                __eerd_word
 .text          0x00003e18       0x38 c:/winavr-20090313/bin/../lib/gcc/avr/4.3.2/../../../../avr/lib/avr5\libc.a(eewr_block.o)
                0x00003e18                __eewr_block
 .text          0x00003e50       0x2a c:/winavr-20090313/bin/../lib/gcc/avr/4.3.2/../../../../avr/lib/avr5\libc.a(eewr_word.o)
                0x00003e50                __eewr_word
 .text          0x00003e7a       0x48 c:/winavr-20090313/bin/../lib/gcc/avr/4.3.2/../../../../avr/lib/avr5\libc.a(sprintf.o)
                0x00003e7a                sprintf
 .text          0x00003ec2      0x3ba c:/winavr-20090313/bin/../lib/gcc/avr/4.3.2/../../../../avr/lib/avr5\libc.a(vfprintf_std.o)
                0x00003ec2                vfprintf
 .text          0x0000427c       0x16 c:/winavr-20090313/bin/../lib/gcc/avr/4.3.2/../../../../avr/lib/avr5\libc.a(strnlen_P.o)
                0x0000427c                strnlen_P
 .text          0x00004292       0x16 c:/winavr-20090313/bin/../lib/gcc/avr/4.3.2/../../../../avr/lib/avr5\libc.a(strnlen.o)
                0x00004292                strnlen
 .text          0x000042a8       0x58 c:/winavr-20090313/bin/../lib/gcc/avr/4.3.2/../../../../avr/lib/avr5\libc.a(fputc.o)
                0x000042a8                fputc
 .text          0x00004300       0xbc c:/winavr-20090313/bin/../lib/gcc/avr/4.3.2/../../../../avr/lib/avr5\libc.a(ultoa_invert.o)
                0x00004300                __ultoa_invert
 .text          0x000043bc        0x0 c:/winavr-20090313/bin/../lib/gcc/avr/4.3.2/avr5\libgcc.a(_prologue.o)
 .text          0x000043bc        0x0 c:/winavr-20090313/bin/../lib/gcc/avr/4.3.2/avr5\libgcc.a(_epilogue.o)
                0x000043bc                . = ALIGN (0x2)
 *(.text.*)
 .text.fplib    0x000043bc        0x8 c:/winavr-20090313/bin/../lib/gcc/avr/4.3.2/../../../../avr/lib/avr5\libm.a(cmpsf2.o)
                0x000043bc                __lesf2
                0x000043bc                __nesf2
                0x000043bc                __eqsf2
                0x000043bc                __cmpsf2
                0x000043bc                __ltsf2
 .text.fplib    0x000043c4        0x4 c:/winavr-20090313/bin/../lib/gcc/avr/4.3.2/../../../../avr/lib/avr5\libm.a(divsf3.o)
                0x000043c4                __divsf3
 .text.fplib    0x000043c8       0xcc c:/winavr-20090313/bin/../lib/gcc/avr/4.3.2/../../../../avr/lib/avr5\libm.a(divsf3x.o)
                0x000043de                __divsf3x
                0x000043e2                __divsf3_pse
 .text.fplib    0x00004494        0xa c:/winavr-20090313/bin/../lib/gcc/avr/4.3.2/../../../../avr/lib/avr5\libm.a(fixsfsi.o)
                0x00004494                __fixsfsi
 .text.fplib    0x0000449e       0x58 c:/winavr-20090313/bin/../lib/gcc/avr/4.3.2/../../../../avr/lib/avr5\libm.a(fixunssfsi.o)
                0x0000449e                __fixunssfsi
 .text.fplib    0x000044f6       0x7a c:/winavr-20090313/bin/../lib/gcc/avr/4.3.2/../../../../avr/lib/avr5\libm.a(floatsisf.o)
                0x000044fa                __floatsisf
                0x000044f6                __floatunsisf
 .text.fplib    0x00004570       0x48 c:/winavr-20090313/bin/../lib/gcc/avr/4.3.2/../../../../avr/lib/avr5\libm.a(fp_cmp.o)
                0x00004570                __fp_cmp
 .text.fplib    0x000045b8        0xc c:/winavr-20090313/bin/../lib/gcc/avr/4.3.2/../../../../avr/lib/avr5\libm.a(fp_inf.o)
                0x000045b8                __fp_inf
 .text.fplib    0x000045c4        0x6 c:/winavr-20090313/bin/../lib/gcc/avr/4.3.2/../../../../avr/lib/avr5\libm.a(fp_nan.o)
                0x000045c4                __fp_nan
 .text.fplib    0x000045ca        0xe c:/winavr-20090313/bin/../lib/gcc/avr/4.3.2/../../../../avr/lib/avr5\libm.a(fp_pscA.o)
                0x000045ca                __fp_pscA
 .text.fplib    0x000045d8        0xe c:/winavr-20090313/bin/../lib/gcc/avr/4.3.2/../../../../avr/lib/avr5\libm.a(fp_pscB.o)
                0x000045d8                __fp_pscB
 .text.fplib    0x000045e6       0x22 c:/winavr-20090313/bin/../lib/gcc/avr/4.3.2/../../../../avr/lib/avr5\libm.a(fp_round.o)
                0x000045e6                __fp_round
 .text.fplib    0x00004608       0x44 c:/winavr-20090313/bin/../lib/gcc/avr/4.3.2/../../../../avr/lib/avr5\libm.a(fp_split3.o)
                0x00004608                __fp_split3
                0x00004618                __fp_splitA
 .text.fplib    0x0000464c        0xe c:/winavr-20090313/bin/../lib/gcc/avr/4.3.2/../../../../avr/lib/avr5\libm.a(fp_zero.o)
                0x0000464c                __fp_zero
                0x0000464e                __fp_szero
 .text.fplib    0x0000465a        0x8 c:/winavr-20090313/bin/../lib/gcc/avr/4.3.2/../../../../avr/lib/avr5\libm.a(gesf2.o)
                0x0000465a                __gtsf2
                0x0000465a                __gesf2
 .text.fplib    0x00004662        0x4 c:/winavr-20090313/bin/../lib/gcc/avr/4.3.2/../../../../avr/lib/avr5\libm.a(mulsf3.o)
                0x00004662                __mulsf3
 .text.fplib    0x00004666       0xc2 c:/winavr-20090313/bin/../lib/gcc/avr/4.3.2/../../../../avr/lib/avr5\libm.a(mulsf3x.o)
                0x0000467e                __mulsf3_pse
                0x0000467a                __mulsf3x
 .text.libgcc   0x00004728       0x28 c:/winavr-20090313/bin/../lib/gcc/avr/4.3.2/avr5\libgcc.a(_udivmodhi4.o)
                0x00004728                __udivmodhi4
 .text.libgcc   0x00004750        0x0 c:/winavr-20090313/bin/../lib/gcc/avr/4.3.2/avr5\libgcc.a(_exit.o)
 .text.libgcc   0x00004750        0x0 c:/winavr-20090313/bin/../lib/gcc/avr/4.3.2/avr5\libgcc.a(_copy_data.o)
 .text.libgcc   0x00004750        0x0 c:/winavr-20090313/bin/../lib/gcc/avr/4.3.2/avr5\libgcc.a(_clear_bss.o)
 .text.libgcc   0x00004750       0x38 c:/winavr-20090313/bin/../lib/gcc/avr/4.3.2/avr5\libgcc.a(_prologue.o)
                0x00004750                __prologue_saves__
 .text.libgcc   0x00004788       0x36 c:/winavr-20090313/bin/../lib/gcc/avr/4.3.2/avr5\libgcc.a(_epilogue.o)
                0x00004788                __epilogue_restores__
                0x000047be                . = ALIGN (0x2)
 *(.fini9)
 .fini9         0x000047be        0x0 c:/winavr-20090313/bin/../lib/gcc/avr/4.3.2/avr5\libgcc.a(_exit.o)
                0x000047be                exit
                0x000047be                _exit
 *(.fini9)
 *(.fini8)
 *(.fini8)
 *(.fini7)
 *(.fini7)
 *(.fini6)
 *(.fini6)
 *(.fini5)
 *(.fini5)
 *(.fini4)
 *(.fini4)
 *(.fini3)
 *(.fini3)
 *(.fini2)
 *(.fini2)
 *(.fini1)
 *(.fini1)
 *(.fini0)
 .fini0         0x000047be        0x4 c:/winavr-20090313/bin/../lib/gcc/avr/4.3.2/avr5\libgcc.a(_exit.o)
 *(.fini0)
                0x000047c2                _etext = .

.data           0x00800060      0x10e load address 0x000047c2
                0x00800060                PROVIDE (__data_start, .)
 *(.data)
 .data          0x00800060        0x0 c:/winavr-20090313/bin/../lib/gcc/avr/4.3.2/../../../../avr/lib/avr5/crtm32.o
 .data          0x00800060       0x22 build/main.o
 .data          0x00800082       0x14 build/usart.o
                0x00800092                msg_time
                0x0080008c                usart_trans_count
                0x0080008e                msg_buffer_counter
                0x00800090                after_trans_delay_counter
                0x0080008a                usart_recv_count
 .data          0x00800096        0x0 build/usart_recv.o
 .data          0x00800096        0x7 build/irc.o
 .data          0x0080009d        0x7 build/irc2.o
 .data          0x008000a4        0x0 build/eeprom.o
 .data          0x008000a4        0x7 build/lcd.o
                0x008000a9                lcd_ctrl_y
 .data          0x008000ab        0xa build/convert.o
 .data          0x008000b5       0x23 build/error.o
 .data          0x008000d8        0xb build/keyboard.o
 .data          0x008000e3        0xa build/buttons.o
 .data          0x008000ed       0x14 build/watchdog.o
                0x008000fd                wtch_sfile
                0x008000ff                wtch_sline
 .data          0x00800101       0x5c build/sysinfo.o
 .data          0x0080015d        0x0 build/inout.o
 .data          0x0080015d        0xb build/default_scr.o
 .data          0x00800168        0x0 build/memory.o
 .data          0x00800168        0x0 c:/winavr-20090313/bin/../lib/gcc/avr/4.3.2/../../../../avr/lib/avr5\libm.a(cmpsf2.o)
 .data          0x00800168        0x0 c:/winavr-20090313/bin/../lib/gcc/avr/4.3.2/../../../../avr/lib/avr5\libm.a(divsf3.o)
 .data          0x00800168        0x0 c:/winavr-20090313/bin/../lib/gcc/avr/4.3.2/../../../../avr/lib/avr5\libm.a(divsf3x.o)
 .data          0x00800168        0x0 c:/winavr-20090313/bin/../lib/gcc/avr/4.3.2/../../../../avr/lib/avr5\libm.a(fixsfsi.o)
 .data          0x00800168        0x0 c:/winavr-20090313/bin/../lib/gcc/avr/4.3.2/../../../../avr/lib/avr5\libm.a(fixunssfsi.o)
 .data          0x00800168        0x0 c:/winavr-20090313/bin/../lib/gcc/avr/4.3.2/../../../../avr/lib/avr5\libm.a(floatsisf.o)
 .data          0x00800168        0x0 c:/winavr-20090313/bin/../lib/gcc/avr/4.3.2/../../../../avr/lib/avr5\libm.a(fp_cmp.o)
 .data          0x00800168        0x0 c:/winavr-20090313/bin/../lib/gcc/avr/4.3.2/../../../../avr/lib/avr5\libm.a(fp_inf.o)
 .data          0x00800168        0x0 c:/winavr-20090313/bin/../lib/gcc/avr/4.3.2/../../../../avr/lib/avr5\libm.a(fp_nan.o)
 .data          0x00800168        0x0 c:/winavr-20090313/bin/../lib/gcc/avr/4.3.2/../../../../avr/lib/avr5\libm.a(fp_pscA.o)
 .data          0x00800168        0x0 c:/winavr-20090313/bin/../lib/gcc/avr/4.3.2/../../../../avr/lib/avr5\libm.a(fp_pscB.o)
 .data          0x00800168        0x0 c:/winavr-20090313/bin/../lib/gcc/avr/4.3.2/../../../../avr/lib/avr5\libm.a(fp_round.o)
 .data          0x00800168        0x0 c:/winavr-20090313/bin/../lib/gcc/avr/4.3.2/../../../../avr/lib/avr5\libm.a(fp_split3.o)
 .data          0x00800168        0x0 c:/winavr-20090313/bin/../lib/gcc/avr/4.3.2/../../../../avr/lib/avr5\libm.a(fp_zero.o)
 .data          0x00800168        0x0 c:/winavr-20090313/bin/../lib/gcc/avr/4.3.2/../../../../avr/lib/avr5\libm.a(gesf2.o)
 .data          0x00800168        0x0 c:/winavr-20090313/bin/../lib/gcc/avr/4.3.2/../../../../avr/lib/avr5\libm.a(mulsf3.o)
 .data          0x00800168        0x0 c:/winavr-20090313/bin/../lib/gcc/avr/4.3.2/../../../../avr/lib/avr5\libm.a(mulsf3x.o)
 .data          0x00800168        0x0 c:/winavr-20090313/bin/../lib/gcc/avr/4.3.2/avr5\libgcc.a(_udivmodhi4.o)
 .data          0x00800168        0x0 c:/winavr-20090313/bin/../lib/gcc/avr/4.3.2/avr5\libgcc.a(_exit.o)
 .data          0x00800168        0x0 c:/winavr-20090313/bin/../lib/gcc/avr/4.3.2/avr5\libgcc.a(_copy_data.o)
 .data          0x00800168        0x0 c:/winavr-20090313/bin/../lib/gcc/avr/4.3.2/avr5\libgcc.a(_clear_bss.o)
 .data          0x00800168        0x6 c:/winavr-20090313/bin/../lib/gcc/avr/4.3.2/../../../../avr/lib/avr5\libc.a(malloc.o)
                0x0080016a                __malloc_heap_start
                0x0080016c                __malloc_heap_end
                0x00800168                __malloc_margin
 .data          0x0080016e        0x0 c:/winavr-20090313/bin/../lib/gcc/avr/4.3.2/../../../../avr/lib/avr5\libc.a(memcpy_P.o)
 .data          0x0080016e        0x0 c:/winavr-20090313/bin/../lib/gcc/avr/4.3.2/../../../../avr/lib/avr5\libc.a(strcpy_P.o)
 .data          0x0080016e        0x0 c:/winavr-20090313/bin/../lib/gcc/avr/4.3.2/../../../../avr/lib/avr5\libc.a(strlen_P.o)
 .data          0x0080016e        0x0 c:/winavr-20090313/bin/../lib/gcc/avr/4.3.2/../../../../avr/lib/avr5\libc.a(eerd_block.o)
 .data          0x0080016e        0x0 c:/winavr-20090313/bin/../lib/gcc/avr/4.3.2/../../../../avr/lib/avr5\libc.a(eerd_word.o)
 .data          0x0080016e        0x0 c:/winavr-20090313/bin/../lib/gcc/avr/4.3.2/../../../../avr/lib/avr5\libc.a(eewr_block.o)
 .data          0x0080016e        0x0 c:/winavr-20090313/bin/../lib/gcc/avr/4.3.2/../../../../avr/lib/avr5\libc.a(eewr_word.o)
 .data          0x0080016e        0x0 c:/winavr-20090313/bin/../lib/gcc/avr/4.3.2/../../../../avr/lib/avr5\libc.a(sprintf.o)
 .data          0x0080016e        0x0 c:/winavr-20090313/bin/../lib/gcc/avr/4.3.2/../../../../avr/lib/avr5\libc.a(vfprintf_std.o)
 .data          0x0080016e        0x0 c:/winavr-20090313/bin/../lib/gcc/avr/4.3.2/../../../../avr/lib/avr5\libc.a(strnlen_P.o)
 .data          0x0080016e        0x0 c:/winavr-20090313/bin/../lib/gcc/avr/4.3.2/../../../../avr/lib/avr5\libc.a(strnlen.o)
 .data          0x0080016e        0x0 c:/winavr-20090313/bin/../lib/gcc/avr/4.3.2/../../../../avr/lib/avr5\libc.a(fputc.o)
 .data          0x0080016e        0x0 c:/winavr-20090313/bin/../lib/gcc/avr/4.3.2/../../../../avr/lib/avr5\libc.a(ultoa_invert.o)
 .data          0x0080016e        0x0 c:/winavr-20090313/bin/../lib/gcc/avr/4.3.2/avr5\libgcc.a(_prologue.o)
 .data          0x0080016e        0x0 c:/winavr-20090313/bin/../lib/gcc/avr/4.3.2/avr5\libgcc.a(_epilogue.o)
 *(.data*)
 *(.rodata)
 *(.rodata*)
 *(.gnu.linkonce.d*)
                0x0080016e                . = ALIGN (0x2)
                0x0080016e                _edata = .
                0x0080016e                PROVIDE (__data_end, .)

.bss            0x0080016e      0x24e
                0x0080016e                PROVIDE (__bss_start, .)
 *(.bss)
 .bss           0x0080016e        0x0 c:/winavr-20090313/bin/../lib/gcc/avr/4.3.2/../../../../avr/lib/avr5/crtm32.o
 .bss           0x0080016e        0x7 build/main.o
 .bss           0x00800175       0x20 build/usart.o
                0x00800179                prepinani
                0x00800175                lower_buffer_newest
                0x00800177                lower_buffer_oldest
 .bss           0x00800195        0x0 build/usart_recv.o
 .bss           0x00800195        0x6 build/irc.o
 .bss           0x0080019b        0x6 build/irc2.o
 .bss           0x008001a1        0x0 build/eeprom.o
 .bss           0x008001a1        0x4 build/lcd.o
                0x008001a3                lcd_ctrl_x
                0x008001a1                lcd_ctrl_count
 .bss           0x008001a5        0x0 build/convert.o
 .bss           0x008001a5        0x3 build/error.o
 .bss           0x008001a8        0xb build/keyboard.o
 .bss           0x008001b3        0x1 build/buttons.o
 .bss           0x008001b4        0x2 build/watchdog.o
                0x008001b4                wtch_counter
 .bss           0x008001b6        0x2 build/sysinfo.o
                0x008001b6                sysinfo_flag
 .bss           0x008001b8        0x0 build/inout.o
 .bss           0x008001b8        0x0 build/default_scr.o
 .bss           0x008001b8        0x2 build/memory.o
                0x008001b8                used_mem_blocks
 .bss           0x008001ba        0x0 c:/winavr-20090313/bin/../lib/gcc/avr/4.3.2/../../../../avr/lib/avr5\libm.a(cmpsf2.o)
 .bss           0x008001ba        0x0 c:/winavr-20090313/bin/../lib/gcc/avr/4.3.2/../../../../avr/lib/avr5\libm.a(divsf3.o)
 .bss           0x008001ba        0x0 c:/winavr-20090313/bin/../lib/gcc/avr/4.3.2/../../../../avr/lib/avr5\libm.a(divsf3x.o)
 .bss           0x008001ba        0x0 c:/winavr-20090313/bin/../lib/gcc/avr/4.3.2/../../../../avr/lib/avr5\libm.a(fixsfsi.o)
 .bss           0x008001ba        0x0 c:/winavr-20090313/bin/../lib/gcc/avr/4.3.2/../../../../avr/lib/avr5\libm.a(fixunssfsi.o)
 .bss           0x008001ba        0x0 c:/winavr-20090313/bin/../lib/gcc/avr/4.3.2/../../../../avr/lib/avr5\libm.a(floatsisf.o)
 .bss           0x008001ba        0x0 c:/winavr-20090313/bin/../lib/gcc/avr/4.3.2/../../../../avr/lib/avr5\libm.a(fp_cmp.o)
 .bss           0x008001ba        0x0 c:/winavr-20090313/bin/../lib/gcc/avr/4.3.2/../../../../avr/lib/avr5\libm.a(fp_inf.o)
 .bss           0x008001ba        0x0 c:/winavr-20090313/bin/../lib/gcc/avr/4.3.2/../../../../avr/lib/avr5\libm.a(fp_nan.o)
 .bss           0x008001ba        0x0 c:/winavr-20090313/bin/../lib/gcc/avr/4.3.2/../../../../avr/lib/avr5\libm.a(fp_pscA.o)
 .bss           0x008001ba        0x0 c:/winavr-20090313/bin/../lib/gcc/avr/4.3.2/../../../../avr/lib/avr5\libm.a(fp_pscB.o)
 .bss           0x008001ba        0x0 c:/winavr-20090313/bin/../lib/gcc/avr/4.3.2/../../../../avr/lib/avr5\libm.a(fp_round.o)
 .bss           0x008001ba        0x0 c:/winavr-20090313/bin/../lib/gcc/avr/4.3.2/../../../../avr/lib/avr5\libm.a(fp_split3.o)
 .bss           0x008001ba        0x0 c:/winavr-20090313/bin/../lib/gcc/avr/4.3.2/../../../../avr/lib/avr5\libm.a(fp_zero.o)
 .bss           0x008001ba        0x0 c:/winavr-20090313/bin/../lib/gcc/avr/4.3.2/../../../../avr/lib/avr5\libm.a(gesf2.o)
 .bss           0x008001ba        0x0 c:/winavr-20090313/bin/../lib/gcc/avr/4.3.2/../../../../avr/lib/avr5\libm.a(mulsf3.o)
 .bss           0x008001ba        0x0 c:/winavr-20090313/bin/../lib/gcc/avr/4.3.2/../../../../avr/lib/avr5\libm.a(mulsf3x.o)
 .bss           0x008001ba        0x0 c:/winavr-20090313/bin/../lib/gcc/avr/4.3.2/avr5\libgcc.a(_udivmodhi4.o)
 .bss           0x008001ba        0x0 c:/winavr-20090313/bin/../lib/gcc/avr/4.3.2/avr5\libgcc.a(_exit.o)
 .bss           0x008001ba        0x0 c:/winavr-20090313/bin/../lib/gcc/avr/4.3.2/avr5\libgcc.a(_copy_data.o)
 .bss           0x008001ba        0x0 c:/winavr-20090313/bin/../lib/gcc/avr/4.3.2/avr5\libgcc.a(_clear_bss.o)
 .bss           0x008001ba        0x0 c:/winavr-20090313/bin/../lib/gcc/avr/4.3.2/../../../../avr/lib/avr5\libc.a(malloc.o)
 .bss           0x008001ba        0x0 c:/winavr-20090313/bin/../lib/gcc/avr/4.3.2/../../../../avr/lib/avr5\libc.a(memcpy_P.o)
 .bss           0x008001ba        0x0 c:/winavr-20090313/bin/../lib/gcc/avr/4.3.2/../../../../avr/lib/avr5\libc.a(strcpy_P.o)
 .bss           0x008001ba        0x0 c:/winavr-20090313/bin/../lib/gcc/avr/4.3.2/../../../../avr/lib/avr5\libc.a(strlen_P.o)
 .bss           0x008001ba        0x0 c:/winavr-20090313/bin/../lib/gcc/avr/4.3.2/../../../../avr/lib/avr5\libc.a(eerd_block.o)
 .bss           0x008001ba        0x0 c:/winavr-20090313/bin/../lib/gcc/avr/4.3.2/../../../../avr/lib/avr5\libc.a(eerd_word.o)
 .bss           0x008001ba        0x0 c:/winavr-20090313/bin/../lib/gcc/avr/4.3.2/../../../../avr/lib/avr5\libc.a(eewr_block.o)
 .bss           0x008001ba        0x0 c:/winavr-20090313/bin/../lib/gcc/avr/4.3.2/../../../../avr/lib/avr5\libc.a(eewr_word.o)
 .bss           0x008001ba        0x0 c:/winavr-20090313/bin/../lib/gcc/avr/4.3.2/../../../../avr/lib/avr5\libc.a(sprintf.o)
 .bss           0x008001ba        0x0 c:/winavr-20090313/bin/../lib/gcc/avr/4.3.2/../../../../avr/lib/avr5\libc.a(vfprintf_std.o)
 .bss           0x008001ba        0x0 c:/winavr-20090313/bin/../lib/gcc/avr/4.3.2/../../../../avr/lib/avr5\libc.a(strnlen_P.o)
 .bss           0x008001ba        0x0 c:/winavr-20090313/bin/../lib/gcc/avr/4.3.2/../../../../avr/lib/avr5\libc.a(strnlen.o)
 .bss           0x008001ba        0x0 c:/winavr-20090313/bin/../lib/gcc/avr/4.3.2/../../../../avr/lib/avr5\libc.a(fputc.o)
 .bss           0x008001ba        0x0 c:/winavr-20090313/bin/../lib/gcc/avr/4.3.2/../../../../avr/lib/avr5\libc.a(ultoa_invert.o)
 .bss           0x008001ba        0x0 c:/winavr-20090313/bin/../lib/gcc/avr/4.3.2/avr5\libgcc.a(_prologue.o)
 .bss           0x008001ba        0x0 c:/winavr-20090313/bin/../lib/gcc/avr/4.3.2/avr5\libgcc.a(_epilogue.o)
 *(.bss*)
 *(COMMON)
 COMMON         0x008001ba       0x29 build/main.o
                0x008001ba                str_buf
 COMMON         0x008001e3      0x133 build/usart.o
                0x008001e3                usart_trans_buff
                0x008001f5                msg_buffer
                0x008001ff                lower_buffer
                0x008002f9                recived_msg
                0x00800304                usart_recv_buff
 COMMON         0x00800316       0xa2 build/lcd.o
                0x00800316                p_akt_screen
                0x00800318                default_screen
 COMMON         0x008003b8        0x4 c:/winavr-20090313/bin/../lib/gcc/avr/4.3.2/../../../../avr/lib/avr5\libc.a(malloc.o)
                0x008003b8                __brkval
                0x008003ba                __flp
                0x008003bc                PROVIDE (__bss_end, .)
                0x000047c2                __data_load_start = LOADADDR (.data)
                0x000048d0                __data_load_end = (__data_load_start + SIZEOF (.data))

.noinit         0x008003bc        0x0
                0x008003bc                PROVIDE (__noinit_start, .)
 *(.noinit*)
                0x008003bc                PROVIDE (__noinit_end, .)
                0x008003bc                _end = .
                0x008003bc                PROVIDE (__heap_start, .)

.eeprom         0x00810000        0x0
 *(.eeprom*)
                0x00810000                __eeprom_end = .

.fuse
 *(.fuse)
 *(.lfuse)
 *(.hfuse)
 *(.efuse)

.lock
 *(.lock*)

.signature
 *(.signature*)

.stab
 *(.stab)

.stabstr
 *(.stabstr)

.stab.excl
 *(.stab.excl)

.stab.exclstr
 *(.stab.exclstr)

.stab.index
 *(.stab.index)

.stab.indexstr
 *(.stab.indexstr)

.comment
 *(.comment)

.debug
 *(.debug)

.line
 *(.line)

.debug_srcinfo
 *(.debug_srcinfo)

.debug_sfnames
 *(.debug_sfnames)

.debug_aranges  0x00000000      0x200
 *(.debug_aranges)
 .debug_aranges
                0x00000000       0x20 build/main.o
 .debug_aranges
                0x00000020       0x20 build/usart.o
 .debug_aranges
                0x00000040       0x20 build/usart_recv.o
 .debug_aranges
                0x00000060       0x20 build/irc.o
 .debug_aranges
                0x00000080       0x20 build/irc2.o
 .debug_aranges
                0x000000a0       0x20 build/eeprom.o
 .debug_aranges
                0x000000c0       0x20 build/lcd.o
 .debug_aranges
                0x000000e0       0x20 build/convert.o
 .debug_aranges
                0x00000100       0x20 build/error.o
 .debug_aranges
                0x00000120       0x20 build/keyboard.o
 .debug_aranges
                0x00000140       0x20 build/buttons.o
 .debug_aranges
                0x00000160       0x20 build/watchdog.o
 .debug_aranges
                0x00000180       0x20 build/sysinfo.o
 .debug_aranges
                0x000001a0       0x20 build/inout.o
 .debug_aranges
                0x000001c0       0x20 build/default_scr.o
 .debug_aranges
                0x000001e0       0x20 build/memory.o

.debug_pubnames
                0x00000000      0xad3
 *(.debug_pubnames)
 .debug_pubnames
                0x00000000       0xd4 build/main.o
 .debug_pubnames
                0x000000d4      0x2ca build/usart.o
 .debug_pubnames
                0x0000039e       0x35 build/usart_recv.o
 .debug_pubnames
                0x000003d3       0xe9 build/irc.o
 .debug_pubnames
                0x000004bc       0xe9 build/irc2.o
 .debug_pubnames
                0x000005a5       0x8a build/eeprom.o
 .debug_pubnames
                0x0000062f      0x143 build/lcd.o
 .debug_pubnames
                0x00000772       0x41 build/convert.o
 .debug_pubnames
                0x000007b3       0x99 build/error.o
 .debug_pubnames
                0x0000084c       0x89 build/keyboard.o
 .debug_pubnames
                0x000008d5       0x2f build/buttons.o
 .debug_pubnames
                0x00000904       0x5d build/watchdog.o
 .debug_pubnames
                0x00000961       0x7c build/sysinfo.o
 .debug_pubnames
                0x000009dd       0x6e build/inout.o
 .debug_pubnames
                0x00000a4b       0x3f build/default_scr.o
 .debug_pubnames
                0x00000a8a       0x49 build/memory.o

.debug_info     0x00000000     0x383d
 *(.debug_info)
 .debug_info    0x00000000      0x4c0 build/main.o
 .debug_info    0x000004c0      0x777 build/usart.o
 .debug_info    0x00000c37      0x190 build/usart_recv.o
 .debug_info    0x00000dc7      0x2e1 build/irc.o
 .debug_info    0x000010a8      0x2e1 build/irc2.o
 .debug_info    0x00001389      0x529 build/eeprom.o
 .debug_info    0x000018b2      0xc03 build/lcd.o
 .debug_info    0x000024b5      0x1fd build/convert.o
 .debug_info    0x000026b2      0x5f4 build/error.o
 .debug_info    0x00002ca6      0x29d build/keyboard.o
 .debug_info    0x00002f43      0x11c build/buttons.o
 .debug_info    0x0000305f      0x1ef build/watchdog.o
 .debug_info    0x0000324e      0x19a build/sysinfo.o
 .debug_info    0x000033e8      0x116 build/inout.o
 .debug_info    0x000034fe      0x247 build/default_scr.o
 .debug_info    0x00003745       0xf8 build/memory.o
 *(.gnu.linkonce.wi.*)

.debug_abbrev   0x00000000     0x1449
 *(.debug_abbrev)
 .debug_abbrev  0x00000000      0x25d build/main.o
 .debug_abbrev  0x0000025d      0x217 build/usart.o
 .debug_abbrev  0x00000474       0xde build/usart_recv.o
 .debug_abbrev  0x00000552      0x124 build/irc.o
 .debug_abbrev  0x00000676      0x124 build/irc2.o
 .debug_abbrev  0x0000079a      0x1b4 build/eeprom.o
 .debug_abbrev  0x0000094e      0x245 build/lcd.o
 .debug_abbrev  0x00000b93      0x150 build/convert.o
 .debug_abbrev  0x00000ce3      0x112 build/error.o
 .debug_abbrev  0x00000df5      0x191 build/keyboard.o
 .debug_abbrev  0x00000f86       0xd1 build/buttons.o
 .debug_abbrev  0x00001057      0x11d build/watchdog.o
 .debug_abbrev  0x00001174       0xd7 build/sysinfo.o
 .debug_abbrev  0x0000124b       0x87 build/inout.o
 .debug_abbrev  0x000012d2       0xc3 build/default_scr.o
 .debug_abbrev  0x00001395       0xb4 build/memory.o

.debug_line     0x00000000     0x2e86
 *(.debug_line)
 .debug_line    0x00000000      0x51a build/main.o
 .debug_line    0x0000051a      0x712 build/usart.o
 .debug_line    0x00000c2c      0x22e build/usart_recv.o
 .debug_line    0x00000e5a      0x29a build/irc.o
 .debug_line    0x000010f4      0x29b build/irc2.o
 .debug_line    0x0000138f      0x36d build/eeprom.o
 .debug_line    0x000016fc      0x6d2 build/lcd.o
 .debug_line    0x00001dce      0x1ed build/convert.o
 .debug_line    0x00001fbb      0x283 build/error.o
 .debug_line    0x0000223e      0x4fb build/keyboard.o
 .debug_line    0x00002739      0x106 build/buttons.o
 .debug_line    0x0000283f      0x196 build/watchdog.o
 .debug_line    0x000029d5      0x18b build/sysinfo.o
 .debug_line    0x00002b60      0x107 build/inout.o
 .debug_line    0x00002c67      0x137 build/default_scr.o
 .debug_line    0x00002d9e       0xe8 build/memory.o

.debug_frame    0x00000000      0x8c0
 *(.debug_frame)
 .debug_frame   0x00000000       0xc0 build/main.o
 .debug_frame   0x000000c0      0x190 build/usart.o
 .debug_frame   0x00000250       0x40 build/usart_recv.o
 .debug_frame   0x00000290       0xc0 build/irc.o
 .debug_frame   0x00000350       0xc0 build/irc2.o
 .debug_frame   0x00000410       0xb0 build/eeprom.o
 .debug_frame   0x000004c0      0x110 build/lcd.o
 .debug_frame   0x000005d0       0x50 build/convert.o
 .debug_frame   0x00000620       0x90 build/error.o
 .debug_frame   0x000006b0       0x80 build/keyboard.o
 .debug_frame   0x00000730       0x30 build/buttons.o
 .debug_frame   0x00000760       0x30 build/watchdog.o
 .debug_frame   0x00000790       0x60 build/sysinfo.o
 .debug_frame   0x000007f0       0x60 build/inout.o
 .debug_frame   0x00000850       0x30 build/default_scr.o
 .debug_frame   0x00000880       0x40 build/memory.o

.debug_str      0x00000000      0xd7d
 *(.debug_str)
 .debug_str     0x00000000      0x1dc build/main.o
                                0x227 (size before relaxing)
 .debug_str     0x000001dc      0x2c1 build/usart.o
                                0x3f2 (size before relaxing)
 .debug_str     0x0000049d       0x30 build/usart_recv.o
                                 0xfd (size before relaxing)
 .debug_str     0x000004cd      0x10e build/irc.o
                                0x203 (size before relaxing)
 .debug_str     0x000005db       0xc0 build/irc2.o
                                0x204 (size before relaxing)
 .debug_str     0x0000069b       0xff build/eeprom.o
                                0x1f0 (size before relaxing)
 .debug_str     0x0000079a      0x105 build/lcd.o
                                0x218 (size before relaxing)
 .debug_str     0x0000089f       0x43 build/convert.o
                                0x104 (size before relaxing)
 .debug_str     0x000008e2      0x145 build/error.o
                                0x20c (size before relaxing)
 .debug_str     0x00000a27       0xbd build/keyboard.o
                                0x1a0 (size before relaxing)
 .debug_str     0x00000ae4       0x4e build/buttons.o
                                0x11c (size before relaxing)
 .debug_str     0x00000b32       0x2c build/watchdog.o
                                0x152 (size before relaxing)
 .debug_str     0x00000b5e       0x4f build/sysinfo.o
                                0x150 (size before relaxing)
 .debug_str     0x00000bad       0x50 build/inout.o
                                0x115 (size before relaxing)
 .debug_str     0x00000bfd      0x143 build/default_scr.o
                                0x20c (size before relaxing)
 .debug_str     0x00000d40       0x3d build/memory.o
                                 0xf9 (size before relaxing)

.debug_loc      0x00000000     0x18e6
 *(.debug_loc)
 .debug_loc     0x00000000      0x207 build/main.o
 .debug_loc     0x00000207      0x405 build/usart.o
 .debug_loc     0x0000060c      0x118 build/usart_recv.o
 .debug_loc     0x00000724       0xd0 build/irc.o
 .debug_loc     0x000007f4       0xd0 build/irc2.o
 .debug_loc     0x000008c4      0x17f build/eeprom.o
 .debug_loc     0x00000a43      0x759 build/lcd.o
 .debug_loc     0x0000119c      0x2b3 build/convert.o
 .debug_loc     0x0000144f      0x107 build/error.o
 .debug_loc     0x00001556      0x1e7 build/keyboard.o
 .debug_loc     0x0000173d       0x59 build/buttons.o
 .debug_loc     0x00001796       0x30 build/watchdog.o
 .debug_loc     0x000017c6       0x18 build/sysinfo.o
 .debug_loc     0x000017de       0x98 build/inout.o
 .debug_loc     0x00001876       0x18 build/default_scr.o
 .debug_loc     0x0000188e       0x58 build/memory.o

.debug_macinfo
 *(.debug_macinfo)
OUTPUT(main.elf elf32-avr)
LOAD linker stubs

.debug_ranges   0x00000000      0x160
 .debug_ranges  0x00000000       0xd8 build/main.o
 .debug_ranges  0x000000d8       0x48 build/convert.o
 .debug_ranges  0x00000120       0x40 build/keyboard.o

Cross Reference Table

Symbol                                            File
USART_Init                                        build/usart.o
                                                  build/main.o
__bad_interrupt                                   c:/winavr-20090313/bin/../lib/gcc/avr/4.3.2/../../../../avr/lib/avr5/crtm32.o
__brkval                                          c:/winavr-20090313/bin/../lib/gcc/avr/4.3.2/../../../../avr/lib/avr5\libc.a(malloc.o)
__bss_end                                         c:/winavr-20090313/bin/../lib/gcc/avr/4.3.2/avr5\libgcc.a(_clear_bss.o)
__bss_start                                       c:/winavr-20090313/bin/../lib/gcc/avr/4.3.2/avr5\libgcc.a(_clear_bss.o)
__cmpsf2                                          c:/winavr-20090313/bin/../lib/gcc/avr/4.3.2/../../../../avr/lib/avr5\libm.a(cmpsf2.o)
__data_end                                        c:/winavr-20090313/bin/../lib/gcc/avr/4.3.2/avr5\libgcc.a(_copy_data.o)
__data_load_start                                 c:/winavr-20090313/bin/../lib/gcc/avr/4.3.2/avr5\libgcc.a(_copy_data.o)
__data_start                                      c:/winavr-20090313/bin/../lib/gcc/avr/4.3.2/avr5\libgcc.a(_copy_data.o)
__divsf3                                          c:/winavr-20090313/bin/../lib/gcc/avr/4.3.2/../../../../avr/lib/avr5\libm.a(divsf3.o)
                                                  build/irc2.o
                                                  build/irc.o
__divsf3_pse                                      c:/winavr-20090313/bin/../lib/gcc/avr/4.3.2/../../../../avr/lib/avr5\libm.a(divsf3x.o)
__divsf3x                                         c:/winavr-20090313/bin/../lib/gcc/avr/4.3.2/../../../../avr/lib/avr5\libm.a(divsf3x.o)
                                                  c:/winavr-20090313/bin/../lib/gcc/avr/4.3.2/../../../../avr/lib/avr5\libm.a(divsf3.o)
__do_clear_bss                                    c:/winavr-20090313/bin/../lib/gcc/avr/4.3.2/avr5\libgcc.a(_clear_bss.o)
                                                  c:/winavr-20090313/bin/../lib/gcc/avr/4.3.2/../../../../avr/lib/avr5\libc.a(malloc.o)
                                                  build/memory.o
                                                  build/sysinfo.o
                                                  build/watchdog.o
                                                  build/buttons.o
                                                  build/keyboard.o
                                                  build/error.o
                                                  build/lcd.o
                                                  build/irc2.o
                                                  build/irc.o
                                                  build/usart.o
                                                  build/main.o
__do_copy_data                                    c:/winavr-20090313/bin/../lib/gcc/avr/4.3.2/avr5\libgcc.a(_copy_data.o)
                                                  c:/winavr-20090313/bin/../lib/gcc/avr/4.3.2/../../../../avr/lib/avr5\libc.a(malloc.o)
                                                  build/default_scr.o
                                                  build/sysinfo.o
                                                  build/watchdog.o
                                                  build/buttons.o
                                                  build/keyboard.o
                                                  build/error.o
                                                  build/convert.o
                                                  build/lcd.o
                                                  build/irc2.o
                                                  build/irc.o
                                                  build/usart_recv.o
                                                  build/usart.o
                                                  build/main.o
__eerd_block                                      c:/winavr-20090313/bin/../lib/gcc/avr/4.3.2/../../../../avr/lib/avr5\libc.a(eerd_block.o)
                                                  build/eeprom.o
__eerd_word                                       c:/winavr-20090313/bin/../lib/gcc/avr/4.3.2/../../../../avr/lib/avr5\libc.a(eerd_word.o)
                                                  build/eeprom.o
__eewr_block                                      c:/winavr-20090313/bin/../lib/gcc/avr/4.3.2/../../../../avr/lib/avr5\libc.a(eewr_block.o)
                                                  build/eeprom.o
__eewr_word                                       c:/winavr-20090313/bin/../lib/gcc/avr/4.3.2/../../../../avr/lib/avr5\libc.a(eewr_word.o)
                                                  build/eeprom.o
__epilogue_restores__                             c:/winavr-20090313/bin/../lib/gcc/avr/4.3.2/avr5\libgcc.a(_epilogue.o)
                                                  c:/winavr-20090313/bin/../lib/gcc/avr/4.3.2/../../../../avr/lib/avr5\libc.a(vfprintf_std.o)
                                                  c:/winavr-20090313/bin/../lib/gcc/avr/4.3.2/../../../../avr/lib/avr5\libc.a(sprintf.o)
                                                  c:/winavr-20090313/bin/../lib/gcc/avr/4.3.2/../../../../avr/lib/avr5\libc.a(eewr_block.o)
                                                  c:/winavr-20090313/bin/../lib/gcc/avr/4.3.2/../../../../avr/lib/avr5\libc.a(eerd_block.o)
__eqsf2                                           c:/winavr-20090313/bin/../lib/gcc/avr/4.3.2/../../../../avr/lib/avr5\libm.a(cmpsf2.o)
__fixsfsi                                         c:/winavr-20090313/bin/../lib/gcc/avr/4.3.2/../../../../avr/lib/avr5\libm.a(fixsfsi.o)
                                                  build/irc2.o
                                                  build/irc.o
__fixunssfsi                                      c:/winavr-20090313/bin/../lib/gcc/avr/4.3.2/../../../../avr/lib/avr5\libm.a(fixunssfsi.o)
                                                  c:/winavr-20090313/bin/../lib/gcc/avr/4.3.2/../../../../avr/lib/avr5\libm.a(fixsfsi.o)
                                                  build/irc2.o
                                                  build/irc.o
__floatsisf                                       c:/winavr-20090313/bin/../lib/gcc/avr/4.3.2/../../../../avr/lib/avr5\libm.a(floatsisf.o)
                                                  build/irc2.o
                                                  build/irc.o
__floatunsisf                                     c:/winavr-20090313/bin/../lib/gcc/avr/4.3.2/../../../../avr/lib/avr5\libm.a(floatsisf.o)
                                                  build/irc2.o
                                                  build/irc.o
                                                  build/usart.o
__flp                                             c:/winavr-20090313/bin/../lib/gcc/avr/4.3.2/../../../../avr/lib/avr5\libc.a(malloc.o)
__fp_cmp                                          c:/winavr-20090313/bin/../lib/gcc/avr/4.3.2/../../../../avr/lib/avr5\libm.a(fp_cmp.o)
                                                  c:/winavr-20090313/bin/../lib/gcc/avr/4.3.2/../../../../avr/lib/avr5\libm.a(gesf2.o)
                                                  c:/winavr-20090313/bin/../lib/gcc/avr/4.3.2/../../../../avr/lib/avr5\libm.a(cmpsf2.o)
__fp_inf                                          c:/winavr-20090313/bin/../lib/gcc/avr/4.3.2/../../../../avr/lib/avr5\libm.a(fp_inf.o)
                                                  c:/winavr-20090313/bin/../lib/gcc/avr/4.3.2/../../../../avr/lib/avr5\libm.a(mulsf3x.o)
                                                  c:/winavr-20090313/bin/../lib/gcc/avr/4.3.2/../../../../avr/lib/avr5\libm.a(divsf3x.o)
__fp_nan                                          c:/winavr-20090313/bin/../lib/gcc/avr/4.3.2/../../../../avr/lib/avr5\libm.a(fp_nan.o)
                                                  c:/winavr-20090313/bin/../lib/gcc/avr/4.3.2/../../../../avr/lib/avr5\libm.a(mulsf3x.o)
                                                  c:/winavr-20090313/bin/../lib/gcc/avr/4.3.2/../../../../avr/lib/avr5\libm.a(divsf3x.o)
__fp_pscA                                         c:/winavr-20090313/bin/../lib/gcc/avr/4.3.2/../../../../avr/lib/avr5\libm.a(fp_pscA.o)
                                                  c:/winavr-20090313/bin/../lib/gcc/avr/4.3.2/../../../../avr/lib/avr5\libm.a(mulsf3x.o)
                                                  c:/winavr-20090313/bin/../lib/gcc/avr/4.3.2/../../../../avr/lib/avr5\libm.a(divsf3x.o)
__fp_pscB                                         c:/winavr-20090313/bin/../lib/gcc/avr/4.3.2/../../../../avr/lib/avr5\libm.a(fp_pscB.o)
                                                  c:/winavr-20090313/bin/../lib/gcc/avr/4.3.2/../../../../avr/lib/avr5\libm.a(mulsf3x.o)
                                                  c:/winavr-20090313/bin/../lib/gcc/avr/4.3.2/../../../../avr/lib/avr5\libm.a(divsf3x.o)
__fp_round                                        c:/winavr-20090313/bin/../lib/gcc/avr/4.3.2/../../../../avr/lib/avr5\libm.a(fp_round.o)
                                                  c:/winavr-20090313/bin/../lib/gcc/avr/4.3.2/../../../../avr/lib/avr5\libm.a(mulsf3.o)
                                                  c:/winavr-20090313/bin/../lib/gcc/avr/4.3.2/../../../../avr/lib/avr5\libm.a(divsf3.o)
__fp_split3                                       c:/winavr-20090313/bin/../lib/gcc/avr/4.3.2/../../../../avr/lib/avr5\libm.a(fp_split3.o)
                                                  c:/winavr-20090313/bin/../lib/gcc/avr/4.3.2/../../../../avr/lib/avr5\libm.a(mulsf3x.o)
                                                  c:/winavr-20090313/bin/../lib/gcc/avr/4.3.2/../../../../avr/lib/avr5\libm.a(divsf3x.o)
__fp_splitA                                       c:/winavr-20090313/bin/../lib/gcc/avr/4.3.2/../../../../avr/lib/avr5\libm.a(fp_split3.o)
                                                  c:/winavr-20090313/bin/../lib/gcc/avr/4.3.2/../../../../avr/lib/avr5\libm.a(fixunssfsi.o)
__fp_szero                                        c:/winavr-20090313/bin/../lib/gcc/avr/4.3.2/../../../../avr/lib/avr5\libm.a(fp_zero.o)
                                                  c:/winavr-20090313/bin/../lib/gcc/avr/4.3.2/../../../../avr/lib/avr5\libm.a(mulsf3x.o)
                                                  c:/winavr-20090313/bin/../lib/gcc/avr/4.3.2/../../../../avr/lib/avr5\libm.a(fixsfsi.o)
                                                  c:/winavr-20090313/bin/../lib/gcc/avr/4.3.2/../../../../avr/lib/avr5\libm.a(divsf3x.o)
__fp_zero                                         c:/winavr-20090313/bin/../lib/gcc/avr/4.3.2/../../../../avr/lib/avr5\libm.a(fp_zero.o)
                                                  c:/winavr-20090313/bin/../lib/gcc/avr/4.3.2/../../../../avr/lib/avr5\libm.a(fixunssfsi.o)
__gesf2                                           c:/winavr-20090313/bin/../lib/gcc/avr/4.3.2/../../../../avr/lib/avr5\libm.a(gesf2.o)
__gtsf2                                           c:/winavr-20090313/bin/../lib/gcc/avr/4.3.2/../../../../avr/lib/avr5\libm.a(gesf2.o)
                                                  build/irc2.o
                                                  build/irc.o
__heap_end                                        c:/winavr-20090313/bin/../lib/gcc/avr/4.3.2/../../../../avr/lib/avr5/crtm32.o
                                                  c:/winavr-20090313/bin/../lib/gcc/avr/4.3.2/../../../../avr/lib/avr5\libc.a(malloc.o)
__heap_start                                      c:/winavr-20090313/bin/../lib/gcc/avr/4.3.2/../../../../avr/lib/avr5\libc.a(malloc.o)
__init                                            c:/winavr-20090313/bin/../lib/gcc/avr/4.3.2/../../../../avr/lib/avr5/crtm32.o
__lesf2                                           c:/winavr-20090313/bin/../lib/gcc/avr/4.3.2/../../../../avr/lib/avr5\libm.a(cmpsf2.o)
__ltsf2                                           c:/winavr-20090313/bin/../lib/gcc/avr/4.3.2/../../../../avr/lib/avr5\libm.a(cmpsf2.o)
                                                  build/usart.o
__malloc_heap_end                                 c:/winavr-20090313/bin/../lib/gcc/avr/4.3.2/../../../../avr/lib/avr5\libc.a(malloc.o)
__malloc_heap_start                               c:/winavr-20090313/bin/../lib/gcc/avr/4.3.2/../../../../avr/lib/avr5\libc.a(malloc.o)
__malloc_margin                                   c:/winavr-20090313/bin/../lib/gcc/avr/4.3.2/../../../../avr/lib/avr5\libc.a(malloc.o)
__mulsf3                                          c:/winavr-20090313/bin/../lib/gcc/avr/4.3.2/../../../../avr/lib/avr5\libm.a(mulsf3.o)
                                                  build/irc2.o
                                                  build/irc.o
__mulsf3_pse                                      c:/winavr-20090313/bin/../lib/gcc/avr/4.3.2/../../../../avr/lib/avr5\libm.a(mulsf3x.o)
__mulsf3x                                         c:/winavr-20090313/bin/../lib/gcc/avr/4.3.2/../../../../avr/lib/avr5\libm.a(mulsf3x.o)
                                                  c:/winavr-20090313/bin/../lib/gcc/avr/4.3.2/../../../../avr/lib/avr5\libm.a(mulsf3.o)
__nesf2                                           c:/winavr-20090313/bin/../lib/gcc/avr/4.3.2/../../../../avr/lib/avr5\libm.a(cmpsf2.o)
__prologue_saves__                                c:/winavr-20090313/bin/../lib/gcc/avr/4.3.2/avr5\libgcc.a(_prologue.o)
                                                  c:/winavr-20090313/bin/../lib/gcc/avr/4.3.2/../../../../avr/lib/avr5\libc.a(vfprintf_std.o)
                                                  c:/winavr-20090313/bin/../lib/gcc/avr/4.3.2/../../../../avr/lib/avr5\libc.a(sprintf.o)
                                                  c:/winavr-20090313/bin/../lib/gcc/avr/4.3.2/../../../../avr/lib/avr5\libc.a(eewr_block.o)
                                                  c:/winavr-20090313/bin/../lib/gcc/avr/4.3.2/../../../../avr/lib/avr5\libc.a(eerd_block.o)
__stack                                           c:/winavr-20090313/bin/../lib/gcc/avr/4.3.2/../../../../avr/lib/avr5/crtm32.o
__udivmodhi4                                      c:/winavr-20090313/bin/../lib/gcc/avr/4.3.2/avr5\libgcc.a(_udivmodhi4.o)
                                                  build/default_scr.o
                                                  build/convert.o
                                                  build/irc2.o
                                                  build/irc.o
__ultoa_invert                                    c:/winavr-20090313/bin/../lib/gcc/avr/4.3.2/../../../../avr/lib/avr5\libc.a(ultoa_invert.o)
                                                  c:/winavr-20090313/bin/../lib/gcc/avr/4.3.2/../../../../avr/lib/avr5\libc.a(vfprintf_std.o)
__vector_1                                        c:/winavr-20090313/bin/../lib/gcc/avr/4.3.2/../../../../avr/lib/avr5/crtm32.o
__vector_10                                       c:/winavr-20090313/bin/../lib/gcc/avr/4.3.2/../../../../avr/lib/avr5/crtm32.o
__vector_11                                       c:/winavr-20090313/bin/../lib/gcc/avr/4.3.2/../../../../avr/lib/avr5/crtm32.o
__vector_12                                       c:/winavr-20090313/bin/../lib/gcc/avr/4.3.2/../../../../avr/lib/avr5/crtm32.o
__vector_13                                       build/usart.o
                                                  c:/winavr-20090313/bin/../lib/gcc/avr/4.3.2/../../../../avr/lib/avr5/crtm32.o
__vector_14                                       build/usart.o
                                                  c:/winavr-20090313/bin/../lib/gcc/avr/4.3.2/../../../../avr/lib/avr5/crtm32.o
__vector_15                                       c:/winavr-20090313/bin/../lib/gcc/avr/4.3.2/../../../../avr/lib/avr5/crtm32.o
__vector_16                                       c:/winavr-20090313/bin/../lib/gcc/avr/4.3.2/../../../../avr/lib/avr5/crtm32.o
__vector_17                                       c:/winavr-20090313/bin/../lib/gcc/avr/4.3.2/../../../../avr/lib/avr5/crtm32.o
__vector_18                                       c:/winavr-20090313/bin/../lib/gcc/avr/4.3.2/../../../../avr/lib/avr5/crtm32.o
__vector_19                                       c:/winavr-20090313/bin/../lib/gcc/avr/4.3.2/../../../../avr/lib/avr5/crtm32.o
__vector_2                                        build/keyboard.o
                                                  c:/winavr-20090313/bin/../lib/gcc/avr/4.3.2/../../../../avr/lib/avr5/crtm32.o
__vector_20                                       c:/winavr-20090313/bin/../lib/gcc/avr/4.3.2/../../../../avr/lib/avr5/crtm32.o
__vector_3                                        c:/winavr-20090313/bin/../lib/gcc/avr/4.3.2/../../../../avr/lib/avr5/crtm32.o
__vector_4                                        c:/winavr-20090313/bin/../lib/gcc/avr/4.3.2/../../../../avr/lib/avr5/crtm32.o
__vector_5                                        c:/winavr-20090313/bin/../lib/gcc/avr/4.3.2/../../../../avr/lib/avr5/crtm32.o
__vector_6                                        c:/winavr-20090313/bin/../lib/gcc/avr/4.3.2/../../../../avr/lib/avr5/crtm32.o
__vector_7                                        build/main.o
                                                  c:/winavr-20090313/bin/../lib/gcc/avr/4.3.2/../../../../avr/lib/avr5/crtm32.o
__vector_8                                        c:/winavr-20090313/bin/../lib/gcc/avr/4.3.2/../../../../avr/lib/avr5/crtm32.o
__vector_9                                        c:/winavr-20090313/bin/../lib/gcc/avr/4.3.2/../../../../avr/lib/avr5/crtm32.o
__vector_default                                  c:/winavr-20090313/bin/../lib/gcc/avr/4.3.2/../../../../avr/lib/avr5/crtm32.o
__vectors                                         c:/winavr-20090313/bin/../lib/gcc/avr/4.3.2/../../../../avr/lib/avr5/crtm32.o
_exit                                             c:/winavr-20090313/bin/../lib/gcc/avr/4.3.2/avr5\libgcc.a(_exit.o)
after_trans_delay_counter                         build/usart.o
buttons                                           build/buttons.o
                                                  build/main.o
buttons_init                                      build/buttons.o
                                                  build/main.o
clear_dscreen                                     build/lcd.o
                                                  build/default_scr.o
                                                  build/error.o
clear_screen                                      build/lcd.o
d10                                               build/lcd.o
default_scr_control                               build/default_scr.o
default_scr_draw                                  build/default_scr.o
default_screen                                    build/lcd.o
eeprom_load                                       build/eeprom.o
eeprom_r16                                        build/eeprom.o
eeprom_r32                                        build/eeprom.o
eeprom_r8                                         build/eeprom.o
eeprom_save                                       build/eeprom.o
                                                  build/watchdog.o
                                                  build/usart_recv.o
                                                  build/main.o
eeprom_w16                                        build/eeprom.o
                                                  build/irc2.o
                                                  build/irc.o
                                                  build/usart_recv.o
eeprom_w32                                        build/eeprom.o
                                                  build/irc2.o
                                                  build/irc.o
                                                  build/usart_recv.o
eeprom_w8                                         build/eeprom.o
err102                                            build/main.o
err_assert                                        build/error.o
                                                  build/usart.o
err_control                                       build/error.o
err_scr_open                                      build/error.o
error_scr_control                                 build/error.o
error_scr_draw                                    build/error.o
exit                                              c:/winavr-20090313/bin/../lib/gcc/avr/4.3.2/avr5\libgcc.a(_exit.o)
                                                  c:/winavr-20090313/bin/../lib/gcc/avr/4.3.2/../../../../avr/lib/avr5/crtm32.o
fputc                                             c:/winavr-20090313/bin/../lib/gcc/avr/4.3.2/../../../../avr/lib/avr5\libc.a(fputc.o)
                                                  c:/winavr-20090313/bin/../lib/gcc/avr/4.3.2/../../../../avr/lib/avr5\libc.a(vfprintf_std.o)
free                                              c:/winavr-20090313/bin/../lib/gcc/avr/4.3.2/../../../../avr/lib/avr5\libc.a(malloc.o)
                                                  build/memory.o
get_char                                          build/keyboard.o
get_data_from_katr                                build/main.o
get_data_from_server                              build/main.o
get_irc1_counter                                  build/irc.o
                                                  build/eeprom.o
get_irc1_set_on_value                             build/irc.o
                                                  build/usart_recv.o
get_irc2_counter                                  build/irc2.o
get_irc2_set_on_value                             build/irc2.o
get_msg_time                                      build/usart.o
get_recv_buffer                                   build/usart.o
                                                  build/sysinfo.o
get_spec                                          build/keyboard.o
getc_lb                                           build/usart.o
getstr_P                                          build/main.o
inc_lower_buffer_oldest                           build/usart.o
inout_init                                        build/inout.o
int2str                                           build/convert.o
int2strn                                          build/convert.o
into_lower_buffer                                 build/usart.o
io_irc1_options                                   build/inout.o
                                                  build/usart_recv.o
io_irc2_options                                   build/inout.o
                                                  build/usart_recv.o
io_msr_led_off                                    build/inout.o
                                                  build/usart_recv.o
io_msr_led_on                                     build/inout.o
                                                  build/usart_recv.o
ioinit                                            build/main.o
irc1_get_k                                        build/irc.o
                                                  build/usart_recv.o
irc1_get_l                                        build/irc.o
                                                  build/default_scr.o
                                                  build/main.o
irc1_init                                         build/irc.o
                                                  build/main.o
irc1_watch                                        build/irc.o
                                                  build/main.o
irc2_get_k                                        build/irc2.o
irc2_get_l                                        build/irc2.o
                                                  build/default_scr.o
                                                  build/main.o
irc2_init                                         build/irc2.o
                                                  build/main.o
irc2_watch                                        build/irc2.o
                                                  build/main.o
keyb_in_buff                                      build/keyboard.o
                                                  build/buttons.o
keyboard_init                                     build/keyboard.o
                                                  build/main.o
keyboard_recv_watchdog                            build/keyboard.o
                                                  build/main.o
lcd_control                                       build/lcd.o
                                                  build/main.o
lcd_ctrl_count                                    build/lcd.o
lcd_ctrl_x                                        build/lcd.o
lcd_ctrl_y                                        build/lcd.o
lcd_init                                          build/lcd.o
                                                  build/main.o
lcd_new_frame                                     build/lcd.o
lcd_w_inst                                        build/lcd.o
                                                  build/watchdog.o
                                                  build/main.o
lower_buffer                                      build/usart.o
lower_buffer_newest                               build/usart.o
lower_buffer_oldest                               build/usart.o
main                                              build/main.o
                                                  c:/winavr-20090313/bin/../lib/gcc/avr/4.3.2/../../../../avr/lib/avr5/crtm32.o
malloc                                            c:/winavr-20090313/bin/../lib/gcc/avr/4.3.2/../../../../avr/lib/avr5\libc.a(malloc.o)
                                                  build/memory.o
memcpy_P                                          c:/winavr-20090313/bin/../lib/gcc/avr/4.3.2/../../../../avr/lib/avr5\libc.a(memcpy_P.o)
                                                  build/usart.o
mezery                                            build/convert.o
mfree                                             build/memory.o
                                                  build/error.o
                                                  build/usart.o
mmalloc                                           build/memory.o
                                                  build/keyboard.o
                                                  build/error.o
                                                  build/irc2.o
                                                  build/irc.o
                                                  build/usart_recv.o
                                                  build/usart.o
                                                  build/main.o
msg_0A                                            build/usart_recv.o
msg_14                                            build/usart_recv.o
msg_ack_fcn                                       build/usart.o
                                                  build/usart_recv.o
msg_buffer                                        build/usart.o
msg_buffer_counter                                build/usart.o
msg_nack_fcn                                      build/usart.o
msg_time                                          build/usart.o
msg_time_0                                        build/usart.o
                                                  build/usart_recv.o
msg_time_pp                                       build/usart.o
                                                  build/main.o
new_ack_msg                                       build/usart.o
                                                  build/main.o
new_error                                         build/error.o
                                                  build/memory.o
                                                  build/lcd.o
                                                  build/irc2.o
                                                  build/irc.o
                                                  build/usart_recv.o
                                                  build/usart.o
                                                  build/main.o
new_msg                                           build/usart.o
                                                  build/keyboard.o
                                                  build/error.o
                                                  build/irc2.o
                                                  build/irc.o
                                                  build/usart_recv.o
                                                  build/main.o
new_msg_P                                         build/usart.o
                                                  build/usart_recv.o
new_str_error                                     build/error.o
p_akt_screen                                      build/lcd.o
prazdna                                           build/main.o
prepinani                                         build/usart.o
print                                             build/lcd.o
print_err                                         build/error.o
printc                                            build/lcd.o
printcxyd                                         build/lcd.o
                                                  build/default_scr.o
                                                  build/irc2.o
                                                  build/irc.o
                                                  build/main.o
printnt                                           build/lcd.o
                                                  build/watchdog.o
                                                  build/main.o
printnt_P                                         build/lcd.o
                                                  build/watchdog.o
                                                  build/main.o
printnxyd                                         build/lcd.o
                                                  build/usart_recv.o
printxy                                           build/lcd.o
printxyd                                          build/lcd.o
                                                  build/default_scr.o
                                                  build/sysinfo.o
                                                  build/error.o
                                                  build/main.o
printxyd_P                                        build/lcd.o
                                                  build/error.o
process_recived_msg                               build/usart.o
recive_uint32                                     build/usart.o
                                                  build/usart_recv.o
recived_msg                                       build/usart.o
recv_msg                                          build/usart_recv.o
                                                  build/usart.o
send_irc_values_to_PC                             build/main.o
send_msg                                          build/usart.o
send_start_msg                                    build/main.o
send_uint32                                       build/usart.o
                                                  build/main.o
serial_msg_ack_timer                              build/usart.o
serial_read_buffer                                build/usart.o
                                                  build/main.o
set_irc1_counter                                  build/irc.o
                                                  build/eeprom.o
set_irc1_k                                        build/irc.o
                                                  build/eeprom.o
set_irc1_k_mm                                     build/irc.o
                                                  build/inout.o
                                                  build/eeprom.o
                                                  build/usart_recv.o
set_irc1_set_on_value                             build/irc.o
                                                  build/eeprom.o
set_irc1_set_on_value_mm                          build/irc.o
                                                  build/inout.o
                                                  build/eeprom.o
                                                  build/usart_recv.o
set_irc2_counter                                  build/irc2.o
set_irc2_k                                        build/irc2.o
set_irc2_k_mm                                     build/irc2.o
                                                  build/inout.o
set_irc2_set_on_value                             build/irc2.o
set_irc2_set_on_value_mm                          build/irc2.o
                                                  build/inout.o
si_print_error                                    build/sysinfo.o
                                                  build/error.o
si_print_mem                                      build/sysinfo.o
si_print_recv_buffer                              build/sysinfo.o
                                                  build/usart.o
si_set_flag                                       build/sysinfo.o
                                                  build/usart_recv.o
sprintf                                           c:/winavr-20090313/bin/../lib/gcc/avr/4.3.2/../../../../avr/lib/avr5\libc.a(sprintf.o)
                                                  build/default_scr.o
                                                  build/sysinfo.o
                                                  build/watchdog.o
                                                  build/error.o
str_buf                                           build/default_scr.o
                                                  build/sysinfo.o
                                                  build/main.o
strcpy_P                                          c:/winavr-20090313/bin/../lib/gcc/avr/4.3.2/../../../../avr/lib/avr5\libc.a(strcpy_P.o)
                                                  build/default_scr.o
                                                  build/main.o
strlen                                            build/convert.o
strlen_P                                          c:/winavr-20090313/bin/../lib/gcc/avr/4.3.2/../../../../avr/lib/avr5\libc.a(strlen_P.o)
                                                  build/main.o
strnlen                                           c:/winavr-20090313/bin/../lib/gcc/avr/4.3.2/../../../../avr/lib/avr5\libc.a(strnlen.o)
                                                  c:/winavr-20090313/bin/../lib/gcc/avr/4.3.2/../../../../avr/lib/avr5\libc.a(vfprintf_std.o)
strnlen_P                                         c:/winavr-20090313/bin/../lib/gcc/avr/4.3.2/../../../../avr/lib/avr5\libc.a(strnlen_P.o)
                                                  c:/winavr-20090313/bin/../lib/gcc/avr/4.3.2/../../../../avr/lib/avr5\libc.a(vfprintf_std.o)
sysinfo                                           build/sysinfo.o
                                                  build/main.o
sysinfo_flag                                      build/sysinfo.o
                                                  build/irc2.o
                                                  build/irc.o
                                                  build/main.o
test_message                                      build/usart.o
test_shutdown                                     build/main.o
to_transmitt_buffer                               build/usart.o
usart_get_recv_buff                               build/usart.o
usart_recv_buff                                   build/usart.o
usart_recv_count                                  build/usart.o
usart_trans_buff                                  build/usart.o
usart_trans_count                                 build/usart.o
used_mem                                          build/memory.o
                                                  build/sysinfo.o
used_mem_blocks                                   build/memory.o
vfprintf                                          c:/winavr-20090313/bin/../lib/gcc/avr/4.3.2/../../../../avr/lib/avr5\libc.a(vfprintf_std.o)
                                                  c:/winavr-20090313/bin/../lib/gcc/avr/4.3.2/../../../../avr/lib/avr5\libc.a(sprintf.o)
wtch_counter                                      build/watchdog.o
                                                  build/eeprom.o
                                                  build/main.o
wtch_init                                         build/watchdog.o
                                                  build/main.o
wtch_main                                         build/watchdog.o
                                                  build/main.o
wtch_sfile                                        build/watchdog.o
                                                  build/sysinfo.o
                                                  build/buttons.o
                                                  build/keyboard.o
                                                  build/usart.o
                                                  build/main.o
wtch_sline                                        build/watchdog.o
                                                  build/sysinfo.o
                                                  build/buttons.o
                                                  build/keyboard.o
                                                  build/usart.o
                                                  build/main.o
zpracuj_kod                                       build/keyboard.o
