Archive member included because of file (symbol)

c:/winavr-20090313/bin/../lib/gcc/avr/4.3.2/../../../../avr/lib/avr4\libm.a(addsf3.o)
                              width.o (__subsf3)
c:/winavr-20090313/bin/../lib/gcc/avr/4.3.2/../../../../avr/lib/avr4\libm.a(addsf3x.o)
                              c:/winavr-20090313/bin/../lib/gcc/avr/4.3.2/../../../../avr/lib/avr4\libm.a(addsf3.o) (__addsf3x)
c:/winavr-20090313/bin/../lib/gcc/avr/4.3.2/../../../../avr/lib/avr4\libm.a(divsf3.o)
                              width.o (__divsf3)
c:/winavr-20090313/bin/../lib/gcc/avr/4.3.2/../../../../avr/lib/avr4\libm.a(divsf3x.o)
                              c:/winavr-20090313/bin/../lib/gcc/avr/4.3.2/../../../../avr/lib/avr4\libm.a(divsf3.o) (__divsf3x)
c:/winavr-20090313/bin/../lib/gcc/avr/4.3.2/../../../../avr/lib/avr4\libm.a(fixsfsi.o)
                              irc.o (__fixsfsi)
c:/winavr-20090313/bin/../lib/gcc/avr/4.3.2/../../../../avr/lib/avr4\libm.a(fixunssfsi.o)
                              width.o (__fixunssfsi)
c:/winavr-20090313/bin/../lib/gcc/avr/4.3.2/../../../../avr/lib/avr4\libm.a(floatsisf.o)
                              width.o (__floatsisf)
c:/winavr-20090313/bin/../lib/gcc/avr/4.3.2/../../../../avr/lib/avr4\libm.a(fp_inf.o)
                              c:/winavr-20090313/bin/../lib/gcc/avr/4.3.2/../../../../avr/lib/avr4\libm.a(addsf3x.o) (__fp_inf)
c:/winavr-20090313/bin/../lib/gcc/avr/4.3.2/../../../../avr/lib/avr4\libm.a(fp_nan.o)
                              c:/winavr-20090313/bin/../lib/gcc/avr/4.3.2/../../../../avr/lib/avr4\libm.a(addsf3x.o) (__fp_nan)
c:/winavr-20090313/bin/../lib/gcc/avr/4.3.2/../../../../avr/lib/avr4\libm.a(fp_pscA.o)
                              c:/winavr-20090313/bin/../lib/gcc/avr/4.3.2/../../../../avr/lib/avr4\libm.a(addsf3x.o) (__fp_pscA)
c:/winavr-20090313/bin/../lib/gcc/avr/4.3.2/../../../../avr/lib/avr4\libm.a(fp_pscB.o)
                              c:/winavr-20090313/bin/../lib/gcc/avr/4.3.2/../../../../avr/lib/avr4\libm.a(addsf3x.o) (__fp_pscB)
c:/winavr-20090313/bin/../lib/gcc/avr/4.3.2/../../../../avr/lib/avr4\libm.a(fp_round.o)
                              c:/winavr-20090313/bin/../lib/gcc/avr/4.3.2/../../../../avr/lib/avr4\libm.a(addsf3.o) (__fp_round)
c:/winavr-20090313/bin/../lib/gcc/avr/4.3.2/../../../../avr/lib/avr4\libm.a(fp_split3.o)
                              c:/winavr-20090313/bin/../lib/gcc/avr/4.3.2/../../../../avr/lib/avr4\libm.a(addsf3x.o) (__fp_split3)
c:/winavr-20090313/bin/../lib/gcc/avr/4.3.2/../../../../avr/lib/avr4\libm.a(fp_zero.o)
                              c:/winavr-20090313/bin/../lib/gcc/avr/4.3.2/../../../../avr/lib/avr4\libm.a(addsf3x.o) (__fp_zero)
c:/winavr-20090313/bin/../lib/gcc/avr/4.3.2/../../../../avr/lib/avr4\libm.a(gesf2.o)
                              irc.o (__gtsf2)
c:/winavr-20090313/bin/../lib/gcc/avr/4.3.2/../../../../avr/lib/avr4\libm.a(mulsf3.o)
                              width.o (__mulsf3)
c:/winavr-20090313/bin/../lib/gcc/avr/4.3.2/../../../../avr/lib/avr4\libm.a(mulsf3x.o)
                              c:/winavr-20090313/bin/../lib/gcc/avr/4.3.2/../../../../avr/lib/avr4\libm.a(mulsf3.o) (__mulsf3x)
c:/winavr-20090313/bin/../lib/gcc/avr/4.3.2/../../../../avr/lib/avr4\libm.a(fp_cmp.o)
                              c:/winavr-20090313/bin/../lib/gcc/avr/4.3.2/../../../../avr/lib/avr4\libm.a(gesf2.o) (__fp_cmp)
c:/winavr-20090313/bin/../lib/gcc/avr/4.3.2/avr4\libgcc.a(_udivmodhi4.o)
                              irc.o (__udivmodhi4)
c:/winavr-20090313/bin/../lib/gcc/avr/4.3.2/avr4\libgcc.a(_divmodhi4.o)
                              irc.o (__divmodhi4)
c:/winavr-20090313/bin/../lib/gcc/avr/4.3.2/avr4\libgcc.a(_exit.o)
                              c:/winavr-20090313/bin/../lib/gcc/avr/4.3.2/../../../../avr/lib/avr4/crtm8.o (exit)
c:/winavr-20090313/bin/../lib/gcc/avr/4.3.2/avr4\libgcc.a(_copy_data.o)
                              main.o (__do_copy_data)
c:/winavr-20090313/bin/../lib/gcc/avr/4.3.2/avr4\libgcc.a(_clear_bss.o)
                              main.o (__do_clear_bss)

Allocating common symbols
Common symbol       size              file

irc_dif_msg         0xa               irc.o
irc_k               0x2               main.o
usart_trans_buff    0x12              usart.o
msg_buffer          0xa               usart.o
width_integrate_array
                    0xa0              width.o
recived_msg         0xb               usart.o
usart_recv_buff     0x12              usart.o
data_msg            0xb               main.o

Memory Configuration

Name             Origin             Length             Attributes
text             0x00000000         0x00002000         xr
data             0x00800060         0x0000ffa0         rw !x
eeprom           0x00810000         0x00010000         rw !x
fuse             0x00820000         0x00000400         rw !x
lock             0x00830000         0x00000400         rw !x
signature        0x00840000         0x00000400         rw !x
*default*        0x00000000         0xffffffff

Linker script and memory map

LOAD c:/winavr-20090313/bin/../lib/gcc/avr/4.3.2/../../../../avr/lib/avr4/crtm8.o
LOAD main.o
LOAD width.o
LOAD usart.o
LOAD usart_recv.o
LOAD irc.o
LOAD eeprom.o
LOAD c:/winavr-20090313/bin/../lib/gcc/avr/4.3.2/../../../../avr/lib/avr4\libm.a
LOAD c:/winavr-20090313/bin/../lib/gcc/avr/4.3.2/avr4\libgcc.a
LOAD c:/winavr-20090313/bin/../lib/gcc/avr/4.3.2/../../../../avr/lib/avr4\libc.a
LOAD c:/winavr-20090313/bin/../lib/gcc/avr/4.3.2/avr4\libgcc.a

.hash
 *(.hash)

.dynsym
 *(.dynsym)

.dynstr
 *(.dynstr)

.gnu.version
 *(.gnu.version)

.gnu.version_d
 *(.gnu.version_d)

.gnu.version_r
 *(.gnu.version_r)

.rel.init
 *(.rel.init)

.rela.init
 *(.rela.init)

.rel.text
 *(.rel.text)
 *(.rel.text.*)
 *(.rel.gnu.linkonce.t*)

.rela.text
 *(.rela.text)
 *(.rela.text.*)
 *(.rela.gnu.linkonce.t*)

.rel.fini
 *(.rel.fini)

.rela.fini
 *(.rela.fini)

.rel.rodata
 *(.rel.rodata)
 *(.rel.rodata.*)
 *(.rel.gnu.linkonce.r*)

.rela.rodata
 *(.rela.rodata)
 *(.rela.rodata.*)
 *(.rela.gnu.linkonce.r*)

.rel.data
 *(.rel.data)
 *(.rel.data.*)
 *(.rel.gnu.linkonce.d*)

.rela.data
 *(.rela.data)
 *(.rela.data.*)
 *(.rela.gnu.linkonce.d*)

.rel.ctors
 *(.rel.ctors)

.rela.ctors
 *(.rela.ctors)

.rel.dtors
 *(.rel.dtors)

.rela.dtors
 *(.rela.dtors)

.rel.got
 *(.rel.got)

.rela.got
 *(.rela.got)

.rel.bss
 *(.rel.bss)

.rela.bss
 *(.rela.bss)

.rel.plt
 *(.rel.plt)

.rela.plt
 *(.rela.plt)

.text           0x00000000     0x10f0
 *(.vectors)
 .vectors       0x00000000       0x26 c:/winavr-20090313/bin/../lib/gcc/avr/4.3.2/../../../../avr/lib/avr4/crtm8.o
                0x00000000                __vectors
                0x00000000                __vector_default
 *(.vectors)
 *(.progmem.gcc*)
 *(.progmem*)
                0x00000026                . = ALIGN (0x2)
                0x00000026                __trampolines_start = .
 *(.trampolines)
 .trampolines   0x00000026        0x0 linker stubs
 *(.trampolines*)
                0x00000026                __trampolines_end = .
 *(.jumptables)
 *(.jumptables*)
 *(.lowtext)
 *(.lowtext*)
                0x00000026                __ctors_start = .
 *(.ctors)
                0x00000026                __ctors_end = .
                0x00000026                __dtors_start = .
 *(.dtors)
                0x00000026                __dtors_end = .
 SORT(*)(.ctors)
 SORT(*)(.dtors)
 *(.init0)
 .init0         0x00000026        0x0 c:/winavr-20090313/bin/../lib/gcc/avr/4.3.2/../../../../avr/lib/avr4/crtm8.o
                0x00000026                __init
 *(.init0)
 *(.init1)
 *(.init1)
 *(.init2)
 .init2         0x00000026        0xc c:/winavr-20090313/bin/../lib/gcc/avr/4.3.2/../../../../avr/lib/avr4/crtm8.o
 *(.init2)
 *(.init3)
 *(.init3)
 *(.init4)
 .init4         0x00000032       0x16 c:/winavr-20090313/bin/../lib/gcc/avr/4.3.2/avr4\libgcc.a(_copy_data.o)
                0x00000032                __do_copy_data
 .init4         0x00000048       0x10 c:/winavr-20090313/bin/../lib/gcc/avr/4.3.2/avr4\libgcc.a(_clear_bss.o)
                0x00000048                __do_clear_bss
 *(.init4)
 *(.init5)
 *(.init5)
 *(.init6)
 *(.init6)
 *(.init7)
 *(.init7)
 *(.init8)
 *(.init8)
 *(.init9)
 .init9         0x00000058        0x4 c:/winavr-20090313/bin/../lib/gcc/avr/4.3.2/../../../../avr/lib/avr4/crtm8.o
 *(.init9)
 *(.text)
 .text          0x0000005c        0x2 c:/winavr-20090313/bin/../lib/gcc/avr/4.3.2/../../../../avr/lib/avr4/crtm8.o
                0x0000005c                __vector_1
                0x0000005c                __bad_interrupt
                0x0000005c                __vector_3
                0x0000005c                __vector_13
                0x0000005c                __vector_17
                0x0000005c                __vector_7
                0x0000005c                __vector_5
                0x0000005c                __vector_4
                0x0000005c                __vector_9
                0x0000005c                __vector_2
                0x0000005c                __vector_15
                0x0000005c                __vector_8
                0x0000005c                __vector_14
                0x0000005c                __vector_10
                0x0000005c                __vector_16
                0x0000005c                __vector_18
 .text          0x0000005e       0xbc main.o
                0x000000d4                __vector_6
                0x00000070                test_shutdown
                0x0000005e                ioinit
                0x0000009c                main
 .text          0x0000011a      0x24a width.o
                0x0000011a                width_watch_init
                0x000001ea                width_send_msg
                0x0000014a                get_d_h
                0x00000278                width_watch
                0x00000212                width_computation
 .text          0x00000364      0x388 usart.o
                0x0000061e                odesilame
                0x00000556                __vector_12
                0x000004da                send_msg
                0x0000043e                new_msg
                0x0000064a                __vector_11
                0x00000624                process_recived_msg
                0x00000390                to_transmitt_buffer
                0x00000364                USART_Init
                0x000003ec                test_message
 .text          0x000006ec       0xa0 usart_recv.o
                0x000006ec                recv_msg
 .text          0x0000078c      0x3c8 irc.o
                0x000008ea                irc_watch
                0x0000078c                irc_init
                0x000007c2                irc_get_k
                0x00000ade                set_irc_set_on_value
                0x00000844                irc_send_msg
                0x000007cc                irc_get_d
                0x0000079e                set_irc_k
 .text          0x00000b54      0x11c eeprom.o
                0x00000c16                eeprom_load
                0x00000bfe                eeprom_save
                0x00000b6a                eeprom_w16
                0x00000b60                eeprom_r8
                0x00000b54                eeprom_w8
                0x00000b7e                eeprom_r32
                0x00000bc0                eeprom_w32
                0x00000b76                eeprom_r16
 .text          0x00000c70        0x0 c:/winavr-20090313/bin/../lib/gcc/avr/4.3.2/../../../../avr/lib/avr4\libm.a(addsf3.o)
 .text          0x00000c70        0x0 c:/winavr-20090313/bin/../lib/gcc/avr/4.3.2/../../../../avr/lib/avr4\libm.a(addsf3x.o)
 .text          0x00000c70        0x0 c:/winavr-20090313/bin/../lib/gcc/avr/4.3.2/../../../../avr/lib/avr4\libm.a(divsf3.o)
 .text          0x00000c70        0x0 c:/winavr-20090313/bin/../lib/gcc/avr/4.3.2/../../../../avr/lib/avr4\libm.a(divsf3x.o)
 .text          0x00000c70        0x0 c:/winavr-20090313/bin/../lib/gcc/avr/4.3.2/../../../../avr/lib/avr4\libm.a(fixsfsi.o)
 .text          0x00000c70        0x0 c:/winavr-20090313/bin/../lib/gcc/avr/4.3.2/../../../../avr/lib/avr4\libm.a(fixunssfsi.o)
 .text          0x00000c70        0x0 c:/winavr-20090313/bin/../lib/gcc/avr/4.3.2/../../../../avr/lib/avr4\libm.a(floatsisf.o)
 .text          0x00000c70        0x0 c:/winavr-20090313/bin/../lib/gcc/avr/4.3.2/../../../../avr/lib/avr4\libm.a(fp_inf.o)
 .text          0x00000c70        0x0 c:/winavr-20090313/bin/../lib/gcc/avr/4.3.2/../../../../avr/lib/avr4\libm.a(fp_nan.o)
 .text          0x00000c70        0x0 c:/winavr-20090313/bin/../lib/gcc/avr/4.3.2/../../../../avr/lib/avr4\libm.a(fp_pscA.o)
 .text          0x00000c70        0x0 c:/winavr-20090313/bin/../lib/gcc/avr/4.3.2/../../../../avr/lib/avr4\libm.a(fp_pscB.o)
 .text          0x00000c70        0x0 c:/winavr-20090313/bin/../lib/gcc/avr/4.3.2/../../../../avr/lib/avr4\libm.a(fp_round.o)
 .text          0x00000c70        0x0 c:/winavr-20090313/bin/../lib/gcc/avr/4.3.2/../../../../avr/lib/avr4\libm.a(fp_split3.o)
 .text          0x00000c70        0x0 c:/winavr-20090313/bin/../lib/gcc/avr/4.3.2/../../../../avr/lib/avr4\libm.a(fp_zero.o)
 .text          0x00000c70        0x0 c:/winavr-20090313/bin/../lib/gcc/avr/4.3.2/../../../../avr/lib/avr4\libm.a(gesf2.o)
 .text          0x00000c70        0x0 c:/winavr-20090313/bin/../lib/gcc/avr/4.3.2/../../../../avr/lib/avr4\libm.a(mulsf3.o)
 .text          0x00000c70        0x0 c:/winavr-20090313/bin/../lib/gcc/avr/4.3.2/../../../../avr/lib/avr4\libm.a(mulsf3x.o)
 .text          0x00000c70        0x0 c:/winavr-20090313/bin/../lib/gcc/avr/4.3.2/../../../../avr/lib/avr4\libm.a(fp_cmp.o)
 .text          0x00000c70        0x0 c:/winavr-20090313/bin/../lib/gcc/avr/4.3.2/avr4\libgcc.a(_udivmodhi4.o)
 .text          0x00000c70        0x0 c:/winavr-20090313/bin/../lib/gcc/avr/4.3.2/avr4\libgcc.a(_divmodhi4.o)
 .text          0x00000c70        0x0 c:/winavr-20090313/bin/../lib/gcc/avr/4.3.2/avr4\libgcc.a(_exit.o)
 .text          0x00000c70        0x0 c:/winavr-20090313/bin/../lib/gcc/avr/4.3.2/avr4\libgcc.a(_copy_data.o)
 .text          0x00000c70        0x0 c:/winavr-20090313/bin/../lib/gcc/avr/4.3.2/avr4\libgcc.a(_clear_bss.o)
                0x00000c70                . = ALIGN (0x2)
 *(.text.*)
 .text.fplib    0x00000c70        0xa c:/winavr-20090313/bin/../lib/gcc/avr/4.3.2/../../../../avr/lib/avr4\libm.a(addsf3.o)
                0x00000c70                __subsf3
                0x00000c72                __addsf3
 .text.fplib    0x00000c7a       0xc0 c:/winavr-20090313/bin/../lib/gcc/avr/4.3.2/../../../../avr/lib/avr4\libm.a(addsf3x.o)
                0x00000c94                __addsf3x
 .text.fplib    0x00000d3a        0x4 c:/winavr-20090313/bin/../lib/gcc/avr/4.3.2/../../../../avr/lib/avr4\libm.a(divsf3.o)
                0x00000d3a                __divsf3
 .text.fplib    0x00000d3e       0xcc c:/winavr-20090313/bin/../lib/gcc/avr/4.3.2/../../../../avr/lib/avr4\libm.a(divsf3x.o)
                0x00000d54                __divsf3x
                0x00000d58                __divsf3_pse
 .text.fplib    0x00000e0a        0xa c:/winavr-20090313/bin/../lib/gcc/avr/4.3.2/../../../../avr/lib/avr4\libm.a(fixsfsi.o)
                0x00000e0a                __fixsfsi
 .text.fplib    0x00000e14       0x58 c:/winavr-20090313/bin/../lib/gcc/avr/4.3.2/../../../../avr/lib/avr4\libm.a(fixunssfsi.o)
                0x00000e14                __fixunssfsi
 .text.fplib    0x00000e6c       0x7a c:/winavr-20090313/bin/../lib/gcc/avr/4.3.2/../../../../avr/lib/avr4\libm.a(floatsisf.o)
                0x00000e70                __floatsisf
                0x00000e6c                __floatunsisf
 .text.fplib    0x00000ee6        0xc c:/winavr-20090313/bin/../lib/gcc/avr/4.3.2/../../../../avr/lib/avr4\libm.a(fp_inf.o)
                0x00000ee6                __fp_inf
 .text.fplib    0x00000ef2        0x6 c:/winavr-20090313/bin/../lib/gcc/avr/4.3.2/../../../../avr/lib/avr4\libm.a(fp_nan.o)
                0x00000ef2                __fp_nan
 .text.fplib    0x00000ef8        0xe c:/winavr-20090313/bin/../lib/gcc/avr/4.3.2/../../../../avr/lib/avr4\libm.a(fp_pscA.o)
                0x00000ef8                __fp_pscA
 .text.fplib    0x00000f06        0xe c:/winavr-20090313/bin/../lib/gcc/avr/4.3.2/../../../../avr/lib/avr4\libm.a(fp_pscB.o)
                0x00000f06                __fp_pscB
 .text.fplib    0x00000f14       0x22 c:/winavr-20090313/bin/../lib/gcc/avr/4.3.2/../../../../avr/lib/avr4\libm.a(fp_round.o)
                0x00000f14                __fp_round
 .text.fplib    0x00000f36       0x44 c:/winavr-20090313/bin/../lib/gcc/avr/4.3.2/../../../../avr/lib/avr4\libm.a(fp_split3.o)
                0x00000f36                __fp_split3
                0x00000f46                __fp_splitA
 .text.fplib    0x00000f7a        0xe c:/winavr-20090313/bin/../lib/gcc/avr/4.3.2/../../../../avr/lib/avr4\libm.a(fp_zero.o)
                0x00000f7a                __fp_zero
                0x00000f7c                __fp_szero
 .text.fplib    0x00000f88        0x8 c:/winavr-20090313/bin/../lib/gcc/avr/4.3.2/../../../../avr/lib/avr4\libm.a(gesf2.o)
                0x00000f88                __gtsf2
                0x00000f88                __gesf2
 .text.fplib    0x00000f90        0x4 c:/winavr-20090313/bin/../lib/gcc/avr/4.3.2/../../../../avr/lib/avr4\libm.a(mulsf3.o)
                0x00000f90                __mulsf3
 .text.fplib    0x00000f94       0xc2 c:/winavr-20090313/bin/../lib/gcc/avr/4.3.2/../../../../avr/lib/avr4\libm.a(mulsf3x.o)
                0x00000fac                __mulsf3_pse
                0x00000fa8                __mulsf3x
 .text.fplib    0x00001056       0x48 c:/winavr-20090313/bin/../lib/gcc/avr/4.3.2/../../../../avr/lib/avr4\libm.a(fp_cmp.o)
                0x00001056                __fp_cmp
 .text.libgcc   0x0000109e       0x28 c:/winavr-20090313/bin/../lib/gcc/avr/4.3.2/avr4\libgcc.a(_udivmodhi4.o)
                0x0000109e                __udivmodhi4
 .text.libgcc   0x000010c6       0x26 c:/winavr-20090313/bin/../lib/gcc/avr/4.3.2/avr4\libgcc.a(_divmodhi4.o)
                0x000010c6                __divmodhi4
                0x000010c6                _div
 .text.libgcc   0x000010ec        0x0 c:/winavr-20090313/bin/../lib/gcc/avr/4.3.2/avr4\libgcc.a(_exit.o)
 .text.libgcc   0x000010ec        0x0 c:/winavr-20090313/bin/../lib/gcc/avr/4.3.2/avr4\libgcc.a(_copy_data.o)
 .text.libgcc   0x000010ec        0x0 c:/winavr-20090313/bin/../lib/gcc/avr/4.3.2/avr4\libgcc.a(_clear_bss.o)
                0x000010ec                . = ALIGN (0x2)
 *(.fini9)
 .fini9         0x000010ec        0x0 c:/winavr-20090313/bin/../lib/gcc/avr/4.3.2/avr4\libgcc.a(_exit.o)
                0x000010ec                exit
                0x000010ec                _exit
 *(.fini9)
 *(.fini8)
 *(.fini8)
 *(.fini7)
 *(.fini7)
 *(.fini6)
 *(.fini6)
 *(.fini5)
 *(.fini5)
 *(.fini4)
 *(.fini4)
 *(.fini3)
 *(.fini3)
 *(.fini2)
 *(.fini2)
 *(.fini1)
 *(.fini1)
 *(.fini0)
 .fini0         0x000010ec        0x4 c:/winavr-20090313/bin/../lib/gcc/avr/4.3.2/avr4\libgcc.a(_exit.o)
 *(.fini0)
                0x000010f0                _etext = .

.data           0x00800060       0x34 load address 0x000010f0
                0x00800060                PROVIDE (__data_start, .)
 *(.data)
 .data          0x00800060        0x0 c:/winavr-20090313/bin/../lib/gcc/avr/4.3.2/../../../../avr/lib/avr4/crtm8.o
 .data          0x00800060        0x0 main.o
 .data          0x00800060        0x3 width.o
                0x00800060                width_slow_counter
                0x00800062                width_prepocet
 .data          0x00800063       0x1b usart.o
                0x00800077                usart_trans_count
                0x00800079                msg_buffer_counter
                0x0080007d                vysilame
                0x0080007b                after_trans_delay_counter
                0x00800075                usart_recv_count
 .data          0x0080007e        0x6 usart_recv.o
 .data          0x00800084        0xf irc.o
                0x0080008f                irc_set_on_value
 .data          0x00800093        0x0 eeprom.o
 .data          0x00800093        0x0 c:/winavr-20090313/bin/../lib/gcc/avr/4.3.2/../../../../avr/lib/avr4\libm.a(addsf3.o)
 .data          0x00800093        0x0 c:/winavr-20090313/bin/../lib/gcc/avr/4.3.2/../../../../avr/lib/avr4\libm.a(addsf3x.o)
 .data          0x00800093        0x0 c:/winavr-20090313/bin/../lib/gcc/avr/4.3.2/../../../../avr/lib/avr4\libm.a(divsf3.o)
 .data          0x00800093        0x0 c:/winavr-20090313/bin/../lib/gcc/avr/4.3.2/../../../../avr/lib/avr4\libm.a(divsf3x.o)
 .data          0x00800093        0x0 c:/winavr-20090313/bin/../lib/gcc/avr/4.3.2/../../../../avr/lib/avr4\libm.a(fixsfsi.o)
 .data          0x00800093        0x0 c:/winavr-20090313/bin/../lib/gcc/avr/4.3.2/../../../../avr/lib/avr4\libm.a(fixunssfsi.o)
 .data          0x00800093        0x0 c:/winavr-20090313/bin/../lib/gcc/avr/4.3.2/../../../../avr/lib/avr4\libm.a(floatsisf.o)
 .data          0x00800093        0x0 c:/winavr-20090313/bin/../lib/gcc/avr/4.3.2/../../../../avr/lib/avr4\libm.a(fp_inf.o)
 .data          0x00800093        0x0 c:/winavr-20090313/bin/../lib/gcc/avr/4.3.2/../../../../avr/lib/avr4\libm.a(fp_nan.o)
 .data          0x00800093        0x0 c:/winavr-20090313/bin/../lib/gcc/avr/4.3.2/../../../../avr/lib/avr4\libm.a(fp_pscA.o)
 .data          0x00800093        0x0 c:/winavr-20090313/bin/../lib/gcc/avr/4.3.2/../../../../avr/lib/avr4\libm.a(fp_pscB.o)
 .data          0x00800093        0x0 c:/winavr-20090313/bin/../lib/gcc/avr/4.3.2/../../../../avr/lib/avr4\libm.a(fp_round.o)
 .data          0x00800093        0x0 c:/winavr-20090313/bin/../lib/gcc/avr/4.3.2/../../../../avr/lib/avr4\libm.a(fp_split3.o)
 .data          0x00800093        0x0 c:/winavr-20090313/bin/../lib/gcc/avr/4.3.2/../../../../avr/lib/avr4\libm.a(fp_zero.o)
 .data          0x00800093        0x0 c:/winavr-20090313/bin/../lib/gcc/avr/4.3.2/../../../../avr/lib/avr4\libm.a(gesf2.o)
 .data          0x00800093        0x0 c:/winavr-20090313/bin/../lib/gcc/avr/4.3.2/../../../../avr/lib/avr4\libm.a(mulsf3.o)
 .data          0x00800093        0x0 c:/winavr-20090313/bin/../lib/gcc/avr/4.3.2/../../../../avr/lib/avr4\libm.a(mulsf3x.o)
 .data          0x00800093        0x0 c:/winavr-20090313/bin/../lib/gcc/avr/4.3.2/../../../../avr/lib/avr4\libm.a(fp_cmp.o)
 .data          0x00800093        0x0 c:/winavr-20090313/bin/../lib/gcc/avr/4.3.2/avr4\libgcc.a(_udivmodhi4.o)
 .data          0x00800093        0x0 c:/winavr-20090313/bin/../lib/gcc/avr/4.3.2/avr4\libgcc.a(_divmodhi4.o)
 .data          0x00800093        0x0 c:/winavr-20090313/bin/../lib/gcc/avr/4.3.2/avr4\libgcc.a(_exit.o)
 .data          0x00800093        0x0 c:/winavr-20090313/bin/../lib/gcc/avr/4.3.2/avr4\libgcc.a(_copy_data.o)
 .data          0x00800093        0x0 c:/winavr-20090313/bin/../lib/gcc/avr/4.3.2/avr4\libgcc.a(_clear_bss.o)
 *(.data*)
 *(.rodata)
 *(.rodata*)
 *(.gnu.linkonce.d*)
                0x00800094                . = ALIGN (0x2)
 *fill*         0x00800093        0x1 00
                0x00800094                _edata = .
                0x00800094                PROVIDE (__data_end, .)

.bss            0x00800094       0xfc
                0x00800094                PROVIDE (__bss_start, .)
 *(.bss)
 .bss           0x00800094        0x0 c:/winavr-20090313/bin/../lib/gcc/avr/4.3.2/../../../../avr/lib/avr4/crtm8.o
 .bss           0x00800094        0x0 main.o
 .bss           0x00800094        0x6 width.o
                0x00800095                width_counter
                0x00800094                width_multiplex_adress
                0x00800099                width_value
                0x00800097                width_valid
 .bss           0x0080009a        0x0 usart.o
 .bss           0x0080009a        0x0 usart_recv.o
 .bss           0x0080009a        0x6 irc.o
                0x0080009a                prev_state
                0x0080009f                last_oper_with_irc_counter
                0x0080009b                irc_counter
 .bss           0x008000a0        0x0 eeprom.o
 .bss           0x008000a0        0x0 c:/winavr-20090313/bin/../lib/gcc/avr/4.3.2/../../../../avr/lib/avr4\libm.a(addsf3.o)
 .bss           0x008000a0        0x0 c:/winavr-20090313/bin/../lib/gcc/avr/4.3.2/../../../../avr/lib/avr4\libm.a(addsf3x.o)
 .bss           0x008000a0        0x0 c:/winavr-20090313/bin/../lib/gcc/avr/4.3.2/../../../../avr/lib/avr4\libm.a(divsf3.o)
 .bss           0x008000a0        0x0 c:/winavr-20090313/bin/../lib/gcc/avr/4.3.2/../../../../avr/lib/avr4\libm.a(divsf3x.o)
 .bss           0x008000a0        0x0 c:/winavr-20090313/bin/../lib/gcc/avr/4.3.2/../../../../avr/lib/avr4\libm.a(fixsfsi.o)
 .bss           0x008000a0        0x0 c:/winavr-20090313/bin/../lib/gcc/avr/4.3.2/../../../../avr/lib/avr4\libm.a(fixunssfsi.o)
 .bss           0x008000a0        0x0 c:/winavr-20090313/bin/../lib/gcc/avr/4.3.2/../../../../avr/lib/avr4\libm.a(floatsisf.o)
 .bss           0x008000a0        0x0 c:/winavr-20090313/bin/../lib/gcc/avr/4.3.2/../../../../avr/lib/avr4\libm.a(fp_inf.o)
 .bss           0x008000a0        0x0 c:/winavr-20090313/bin/../lib/gcc/avr/4.3.2/../../../../avr/lib/avr4\libm.a(fp_nan.o)
 .bss           0x008000a0        0x0 c:/winavr-20090313/bin/../lib/gcc/avr/4.3.2/../../../../avr/lib/avr4\libm.a(fp_pscA.o)
 .bss           0x008000a0        0x0 c:/winavr-20090313/bin/../lib/gcc/avr/4.3.2/../../../../avr/lib/avr4\libm.a(fp_pscB.o)
 .bss           0x008000a0        0x0 c:/winavr-20090313/bin/../lib/gcc/avr/4.3.2/../../../../avr/lib/avr4\libm.a(fp_round.o)
 .bss           0x008000a0        0x0 c:/winavr-20090313/bin/../lib/gcc/avr/4.3.2/../../../../avr/lib/avr4\libm.a(fp_split3.o)
 .bss           0x008000a0        0x0 c:/winavr-20090313/bin/../lib/gcc/avr/4.3.2/../../../../avr/lib/avr4\libm.a(fp_zero.o)
 .bss           0x008000a0        0x0 c:/winavr-20090313/bin/../lib/gcc/avr/4.3.2/../../../../avr/lib/avr4\libm.a(gesf2.o)
 .bss           0x008000a0        0x0 c:/winavr-20090313/bin/../lib/gcc/avr/4.3.2/../../../../avr/lib/avr4\libm.a(mulsf3.o)
 .bss           0x008000a0        0x0 c:/winavr-20090313/bin/../lib/gcc/avr/4.3.2/../../../../avr/lib/avr4\libm.a(mulsf3x.o)
 .bss           0x008000a0        0x0 c:/winavr-20090313/bin/../lib/gcc/avr/4.3.2/../../../../avr/lib/avr4\libm.a(fp_cmp.o)
 .bss           0x008000a0        0x0 c:/winavr-20090313/bin/../lib/gcc/avr/4.3.2/avr4\libgcc.a(_udivmodhi4.o)
 .bss           0x008000a0        0x0 c:/winavr-20090313/bin/../lib/gcc/avr/4.3.2/avr4\libgcc.a(_divmodhi4.o)
 .bss           0x008000a0        0x0 c:/winavr-20090313/bin/../lib/gcc/avr/4.3.2/avr4\libgcc.a(_exit.o)
 .bss           0x008000a0        0x0 c:/winavr-20090313/bin/../lib/gcc/avr/4.3.2/avr4\libgcc.a(_copy_data.o)
 .bss           0x008000a0        0x0 c:/winavr-20090313/bin/../lib/gcc/avr/4.3.2/avr4\libgcc.a(_clear_bss.o)
 *(.bss*)
 *(COMMON)
 COMMON         0x008000a0        0xd main.o
                0x008000a0                irc_k
                0x008000a2                data_msg
 COMMON         0x008000ad       0xa0 width.o
                0x008000ad                width_integrate_array
 COMMON         0x0080014d       0x39 usart.o
                0x0080014d                usart_trans_buff
                0x0080015f                msg_buffer
                0x00800169                recived_msg
                0x00800174                usart_recv_buff
 COMMON         0x00800186        0xa irc.o
                0x00800186                irc_dif_msg
                0x00800190                PROVIDE (__bss_end, .)
                0x000010f0                __data_load_start = LOADADDR (.data)
                0x00001124                __data_load_end = (__data_load_start + SIZEOF (.data))

.noinit         0x00800190        0x0
                0x00800190                PROVIDE (__noinit_start, .)
 *(.noinit*)
                0x00800190                PROVIDE (__noinit_end, .)
                0x00800190                _end = .
                0x00800190                PROVIDE (__heap_start, .)

.eeprom         0x00810000        0x0
 *(.eeprom*)
                0x00810000                __eeprom_end = .

.fuse
 *(.fuse)
 *(.lfuse)
 *(.hfuse)
 *(.efuse)

.lock
 *(.lock*)

.signature
 *(.signature*)

.stab
 *(.stab)

.stabstr
 *(.stabstr)

.stab.excl
 *(.stab.excl)

.stab.exclstr
 *(.stab.exclstr)

.stab.index
 *(.stab.index)

.stab.indexstr
 *(.stab.indexstr)

.comment
 *(.comment)

.debug
 *(.debug)

.line
 *(.line)

.debug_srcinfo
 *(.debug_srcinfo)

.debug_sfnames
 *(.debug_sfnames)

.debug_aranges  0x00000000       0xc0
 *(.debug_aranges)
 .debug_aranges
                0x00000000       0x20 main.o
 .debug_aranges
                0x00000020       0x20 width.o
 .debug_aranges
                0x00000040       0x20 usart.o
 .debug_aranges
                0x00000060       0x20 usart_recv.o
 .debug_aranges
                0x00000080       0x20 irc.o
 .debug_aranges
                0x000000a0       0x20 eeprom.o

.debug_pubnames
                0x00000000      0x555
 *(.debug_pubnames)
 .debug_pubnames
                0x00000000       0x96 main.o
 .debug_pubnames
                0x00000096      0x139 width.o
 .debug_pubnames
                0x000001cf      0x15e usart.o
 .debug_pubnames
                0x0000032d       0x61 usart_recv.o
 .debug_pubnames
                0x0000038e      0x10e irc.o
 .debug_pubnames
                0x0000049c       0xb9 eeprom.o

.debug_info     0x00000000     0x10d1
 *(.debug_info)
 .debug_info    0x00000000      0x281 main.o
 .debug_info    0x00000281      0x2c0 width.o
 .debug_info    0x00000541      0x312 usart.o
 .debug_info    0x00000853       0xf1 usart_recv.o
 .debug_info    0x00000944      0x2a7 irc.o
 .debug_info    0x00000beb      0x4e6 eeprom.o
 *(.gnu.linkonce.wi.*)

.debug_abbrev   0x00000000      0x6d5
 *(.debug_abbrev)
 .debug_abbrev  0x00000000      0x11e main.o
 .debug_abbrev  0x0000011e       0xd1 width.o
 .debug_abbrev  0x000001ef      0x156 usart.o
 .debug_abbrev  0x00000345       0x77 usart_recv.o
 .debug_abbrev  0x000003bc      0x133 irc.o
 .debug_abbrev  0x000004ef      0x1e6 eeprom.o

.debug_line     0x00000000      0xdd8
 *(.debug_line)
 .debug_line    0x00000000      0x201 main.o
 .debug_line    0x00000201      0x2b8 width.o
 .debug_line    0x000004b9      0x334 usart.o
 .debug_line    0x000007ed      0x12c usart_recv.o
 .debug_line    0x00000919      0x2c0 irc.o
 .debug_line    0x00000bd9      0x1ff eeprom.o

.debug_frame    0x00000000      0x280
 *(.debug_frame)
 .debug_frame   0x00000000       0x50 main.o
 .debug_frame   0x00000050       0x60 width.o
 .debug_frame   0x000000b0       0xa0 usart.o
 .debug_frame   0x00000150       0x20 usart_recv.o
 .debug_frame   0x00000170       0x80 irc.o
 .debug_frame   0x000001f0       0x90 eeprom.o

.debug_str      0x00000000      0x532
 *(.debug_str)
 .debug_str     0x00000000      0x118 main.o
                                0x17c (size before relaxing)
 .debug_str     0x00000118       0xe0 width.o
                                0x211 (size before relaxing)
 .debug_str     0x000001f8      0x15e usart.o
                                0x1df (size before relaxing)
 .debug_str     0x00000356       0x16 usart_recv.o
                                0x123 (size before relaxing)
 .debug_str     0x0000036c       0xa7 irc.o
                                0x1b7 (size before relaxing)
 .debug_str     0x00000413      0x11f eeprom.o
                                0x21c (size before relaxing)

.debug_loc      0x00000000      0x4eb
 *(.debug_loc)
 .debug_loc     0x00000000       0x70 main.o
 .debug_loc     0x00000070      0x126 width.o
 .debug_loc     0x00000196       0xd1 usart.o
 .debug_loc     0x00000267       0x28 usart_recv.o
 .debug_loc     0x0000028f      0x127 irc.o
 .debug_loc     0x000003b6      0x135 eeprom.o

.debug_macinfo
 *(.debug_macinfo)
OUTPUT(main.elf elf32-avr)
LOAD linker stubs

Cross Reference Table

Symbol                                            File
USART_Init                                        usart.o
                                                  main.o
__addsf3                                          c:/winavr-20090313/bin/../lib/gcc/avr/4.3.2/../../../../avr/lib/avr4\libm.a(addsf3.o)
                                                  irc.o
                                                  width.o
__addsf3x                                         c:/winavr-20090313/bin/../lib/gcc/avr/4.3.2/../../../../avr/lib/avr4\libm.a(addsf3x.o)
                                                  c:/winavr-20090313/bin/../lib/gcc/avr/4.3.2/../../../../avr/lib/avr4\libm.a(addsf3.o)
__bad_interrupt                                   c:/winavr-20090313/bin/../lib/gcc/avr/4.3.2/../../../../avr/lib/avr4/crtm8.o
__bss_end                                         c:/winavr-20090313/bin/../lib/gcc/avr/4.3.2/avr4\libgcc.a(_clear_bss.o)
__bss_start                                       c:/winavr-20090313/bin/../lib/gcc/avr/4.3.2/avr4\libgcc.a(_clear_bss.o)
__data_end                                        c:/winavr-20090313/bin/../lib/gcc/avr/4.3.2/avr4\libgcc.a(_copy_data.o)
__data_load_start                                 c:/winavr-20090313/bin/../lib/gcc/avr/4.3.2/avr4\libgcc.a(_copy_data.o)
__data_start                                      c:/winavr-20090313/bin/../lib/gcc/avr/4.3.2/avr4\libgcc.a(_copy_data.o)
__divmodhi4                                       c:/winavr-20090313/bin/../lib/gcc/avr/4.3.2/avr4\libgcc.a(_divmodhi4.o)
                                                  irc.o
__divsf3                                          c:/winavr-20090313/bin/../lib/gcc/avr/4.3.2/../../../../avr/lib/avr4\libm.a(divsf3.o)
                                                  irc.o
                                                  width.o
__divsf3_pse                                      c:/winavr-20090313/bin/../lib/gcc/avr/4.3.2/../../../../avr/lib/avr4\libm.a(divsf3x.o)
__divsf3x                                         c:/winavr-20090313/bin/../lib/gcc/avr/4.3.2/../../../../avr/lib/avr4\libm.a(divsf3x.o)
                                                  c:/winavr-20090313/bin/../lib/gcc/avr/4.3.2/../../../../avr/lib/avr4\libm.a(divsf3.o)
__do_clear_bss                                    c:/winavr-20090313/bin/../lib/gcc/avr/4.3.2/avr4\libgcc.a(_clear_bss.o)
                                                  eeprom.o
                                                  irc.o
                                                  usart_recv.o
                                                  usart.o
                                                  width.o
                                                  main.o
__do_copy_data                                    c:/winavr-20090313/bin/../lib/gcc/avr/4.3.2/avr4\libgcc.a(_copy_data.o)
                                                  eeprom.o
                                                  irc.o
                                                  usart_recv.o
                                                  usart.o
                                                  width.o
                                                  main.o
__eeprom_read_block_1C1D1E                        eeprom.o
__eeprom_read_byte_1C1D1E                         eeprom.o
__eeprom_read_word_1C1D1E                         eeprom.o
__eeprom_write_block_1C1D1E                       eeprom.o
__eeprom_write_byte_1C1D1E                        eeprom.o
__eeprom_write_word_1C1D1E                        eeprom.o
__fixsfsi                                         c:/winavr-20090313/bin/../lib/gcc/avr/4.3.2/../../../../avr/lib/avr4\libm.a(fixsfsi.o)
                                                  irc.o
__fixunssfsi                                      c:/winavr-20090313/bin/../lib/gcc/avr/4.3.2/../../../../avr/lib/avr4\libm.a(fixunssfsi.o)
                                                  c:/winavr-20090313/bin/../lib/gcc/avr/4.3.2/../../../../avr/lib/avr4\libm.a(fixsfsi.o)
                                                  irc.o
                                                  width.o
__floatsisf                                       c:/winavr-20090313/bin/../lib/gcc/avr/4.3.2/../../../../avr/lib/avr4\libm.a(floatsisf.o)
                                                  irc.o
                                                  width.o
__floatunsisf                                     c:/winavr-20090313/bin/../lib/gcc/avr/4.3.2/../../../../avr/lib/avr4\libm.a(floatsisf.o)
__fp_cmp                                          c:/winavr-20090313/bin/../lib/gcc/avr/4.3.2/../../../../avr/lib/avr4\libm.a(fp_cmp.o)
                                                  c:/winavr-20090313/bin/../lib/gcc/avr/4.3.2/../../../../avr/lib/avr4\libm.a(gesf2.o)
__fp_inf                                          c:/winavr-20090313/bin/../lib/gcc/avr/4.3.2/../../../../avr/lib/avr4\libm.a(fp_inf.o)
                                                  c:/winavr-20090313/bin/../lib/gcc/avr/4.3.2/../../../../avr/lib/avr4\libm.a(mulsf3x.o)
                                                  c:/winavr-20090313/bin/../lib/gcc/avr/4.3.2/../../../../avr/lib/avr4\libm.a(divsf3x.o)
                                                  c:/winavr-20090313/bin/../lib/gcc/avr/4.3.2/../../../../avr/lib/avr4\libm.a(addsf3x.o)
__fp_nan                                          c:/winavr-20090313/bin/../lib/gcc/avr/4.3.2/../../../../avr/lib/avr4\libm.a(fp_nan.o)
                                                  c:/winavr-20090313/bin/../lib/gcc/avr/4.3.2/../../../../avr/lib/avr4\libm.a(mulsf3x.o)
                                                  c:/winavr-20090313/bin/../lib/gcc/avr/4.3.2/../../../../avr/lib/avr4\libm.a(divsf3x.o)
                                                  c:/winavr-20090313/bin/../lib/gcc/avr/4.3.2/../../../../avr/lib/avr4\libm.a(addsf3x.o)
__fp_pscA                                         c:/winavr-20090313/bin/../lib/gcc/avr/4.3.2/../../../../avr/lib/avr4\libm.a(fp_pscA.o)
                                                  c:/winavr-20090313/bin/../lib/gcc/avr/4.3.2/../../../../avr/lib/avr4\libm.a(mulsf3x.o)
                                                  c:/winavr-20090313/bin/../lib/gcc/avr/4.3.2/../../../../avr/lib/avr4\libm.a(divsf3x.o)
                                                  c:/winavr-20090313/bin/../lib/gcc/avr/4.3.2/../../../../avr/lib/avr4\libm.a(addsf3x.o)
__fp_pscB                                         c:/winavr-20090313/bin/../lib/gcc/avr/4.3.2/../../../../avr/lib/avr4\libm.a(fp_pscB.o)
                                                  c:/winavr-20090313/bin/../lib/gcc/avr/4.3.2/../../../../avr/lib/avr4\libm.a(mulsf3x.o)
                                                  c:/winavr-20090313/bin/../lib/gcc/avr/4.3.2/../../../../avr/lib/avr4\libm.a(divsf3x.o)
                                                  c:/winavr-20090313/bin/../lib/gcc/avr/4.3.2/../../../../avr/lib/avr4\libm.a(addsf3x.o)
__fp_round                                        c:/winavr-20090313/bin/../lib/gcc/avr/4.3.2/../../../../avr/lib/avr4\libm.a(fp_round.o)
                                                  c:/winavr-20090313/bin/../lib/gcc/avr/4.3.2/../../../../avr/lib/avr4\libm.a(mulsf3.o)
                                                  c:/winavr-20090313/bin/../lib/gcc/avr/4.3.2/../../../../avr/lib/avr4\libm.a(divsf3.o)
                                                  c:/winavr-20090313/bin/../lib/gcc/avr/4.3.2/../../../../avr/lib/avr4\libm.a(addsf3.o)
__fp_split3                                       c:/winavr-20090313/bin/../lib/gcc/avr/4.3.2/../../../../avr/lib/avr4\libm.a(fp_split3.o)
                                                  c:/winavr-20090313/bin/../lib/gcc/avr/4.3.2/../../../../avr/lib/avr4\libm.a(mulsf3x.o)
                                                  c:/winavr-20090313/bin/../lib/gcc/avr/4.3.2/../../../../avr/lib/avr4\libm.a(divsf3x.o)
                                                  c:/winavr-20090313/bin/../lib/gcc/avr/4.3.2/../../../../avr/lib/avr4\libm.a(addsf3x.o)
__fp_splitA                                       c:/winavr-20090313/bin/../lib/gcc/avr/4.3.2/../../../../avr/lib/avr4\libm.a(fp_split3.o)
                                                  c:/winavr-20090313/bin/../lib/gcc/avr/4.3.2/../../../../avr/lib/avr4\libm.a(fixunssfsi.o)
__fp_szero                                        c:/winavr-20090313/bin/../lib/gcc/avr/4.3.2/../../../../avr/lib/avr4\libm.a(fp_zero.o)
                                                  c:/winavr-20090313/bin/../lib/gcc/avr/4.3.2/../../../../avr/lib/avr4\libm.a(mulsf3x.o)
                                                  c:/winavr-20090313/bin/../lib/gcc/avr/4.3.2/../../../../avr/lib/avr4\libm.a(fixsfsi.o)
                                                  c:/winavr-20090313/bin/../lib/gcc/avr/4.3.2/../../../../avr/lib/avr4\libm.a(divsf3x.o)
__fp_zero                                         c:/winavr-20090313/bin/../lib/gcc/avr/4.3.2/../../../../avr/lib/avr4\libm.a(fp_zero.o)
                                                  c:/winavr-20090313/bin/../lib/gcc/avr/4.3.2/../../../../avr/lib/avr4\libm.a(fixunssfsi.o)
                                                  c:/winavr-20090313/bin/../lib/gcc/avr/4.3.2/../../../../avr/lib/avr4\libm.a(addsf3x.o)
__gesf2                                           c:/winavr-20090313/bin/../lib/gcc/avr/4.3.2/../../../../avr/lib/avr4\libm.a(gesf2.o)
__gtsf2                                           c:/winavr-20090313/bin/../lib/gcc/avr/4.3.2/../../../../avr/lib/avr4\libm.a(gesf2.o)
                                                  irc.o
__heap_end                                        c:/winavr-20090313/bin/../lib/gcc/avr/4.3.2/../../../../avr/lib/avr4/crtm8.o
__init                                            c:/winavr-20090313/bin/../lib/gcc/avr/4.3.2/../../../../avr/lib/avr4/crtm8.o
__mulsf3                                          c:/winavr-20090313/bin/../lib/gcc/avr/4.3.2/../../../../avr/lib/avr4\libm.a(mulsf3.o)
                                                  irc.o
                                                  width.o
__mulsf3_pse                                      c:/winavr-20090313/bin/../lib/gcc/avr/4.3.2/../../../../avr/lib/avr4\libm.a(mulsf3x.o)
__mulsf3x                                         c:/winavr-20090313/bin/../lib/gcc/avr/4.3.2/../../../../avr/lib/avr4\libm.a(mulsf3x.o)
                                                  c:/winavr-20090313/bin/../lib/gcc/avr/4.3.2/../../../../avr/lib/avr4\libm.a(mulsf3.o)
__stack                                           c:/winavr-20090313/bin/../lib/gcc/avr/4.3.2/../../../../avr/lib/avr4/crtm8.o
__subsf3                                          c:/winavr-20090313/bin/../lib/gcc/avr/4.3.2/../../../../avr/lib/avr4\libm.a(addsf3.o)
                                                  width.o
__udivmodhi4                                      c:/winavr-20090313/bin/../lib/gcc/avr/4.3.2/avr4\libgcc.a(_udivmodhi4.o)
                                                  c:/winavr-20090313/bin/../lib/gcc/avr/4.3.2/avr4\libgcc.a(_divmodhi4.o)
                                                  irc.o
__vector_1                                        c:/winavr-20090313/bin/../lib/gcc/avr/4.3.2/../../../../avr/lib/avr4/crtm8.o
__vector_10                                       c:/winavr-20090313/bin/../lib/gcc/avr/4.3.2/../../../../avr/lib/avr4/crtm8.o
__vector_11                                       usart.o
                                                  c:/winavr-20090313/bin/../lib/gcc/avr/4.3.2/../../../../avr/lib/avr4/crtm8.o
__vector_12                                       usart.o
                                                  c:/winavr-20090313/bin/../lib/gcc/avr/4.3.2/../../../../avr/lib/avr4/crtm8.o
__vector_13                                       c:/winavr-20090313/bin/../lib/gcc/avr/4.3.2/../../../../avr/lib/avr4/crtm8.o
__vector_14                                       c:/winavr-20090313/bin/../lib/gcc/avr/4.3.2/../../../../avr/lib/avr4/crtm8.o
__vector_15                                       c:/winavr-20090313/bin/../lib/gcc/avr/4.3.2/../../../../avr/lib/avr4/crtm8.o
__vector_16                                       c:/winavr-20090313/bin/../lib/gcc/avr/4.3.2/../../../../avr/lib/avr4/crtm8.o
__vector_17                                       c:/winavr-20090313/bin/../lib/gcc/avr/4.3.2/../../../../avr/lib/avr4/crtm8.o
__vector_18                                       c:/winavr-20090313/bin/../lib/gcc/avr/4.3.2/../../../../avr/lib/avr4/crtm8.o
__vector_2                                        c:/winavr-20090313/bin/../lib/gcc/avr/4.3.2/../../../../avr/lib/avr4/crtm8.o
__vector_3                                        c:/winavr-20090313/bin/../lib/gcc/avr/4.3.2/../../../../avr/lib/avr4/crtm8.o
__vector_4                                        c:/winavr-20090313/bin/../lib/gcc/avr/4.3.2/../../../../avr/lib/avr4/crtm8.o
__vector_5                                        c:/winavr-20090313/bin/../lib/gcc/avr/4.3.2/../../../../avr/lib/avr4/crtm8.o
__vector_6                                        main.o
                                                  c:/winavr-20090313/bin/../lib/gcc/avr/4.3.2/../../../../avr/lib/avr4/crtm8.o
__vector_7                                        c:/winavr-20090313/bin/../lib/gcc/avr/4.3.2/../../../../avr/lib/avr4/crtm8.o
__vector_8                                        c:/winavr-20090313/bin/../lib/gcc/avr/4.3.2/../../../../avr/lib/avr4/crtm8.o
__vector_9                                        c:/winavr-20090313/bin/../lib/gcc/avr/4.3.2/../../../../avr/lib/avr4/crtm8.o
__vector_default                                  c:/winavr-20090313/bin/../lib/gcc/avr/4.3.2/../../../../avr/lib/avr4/crtm8.o
__vectors                                         c:/winavr-20090313/bin/../lib/gcc/avr/4.3.2/../../../../avr/lib/avr4/crtm8.o
_div                                              c:/winavr-20090313/bin/../lib/gcc/avr/4.3.2/avr4\libgcc.a(_divmodhi4.o)
_exit                                             c:/winavr-20090313/bin/../lib/gcc/avr/4.3.2/avr4\libgcc.a(_exit.o)
after_trans_delay_counter                         usart.o
data_msg                                          irc.o
                                                  width.o
                                                  main.o
eeprom_load                                       eeprom.o
                                                  main.o
eeprom_r16                                        eeprom.o
eeprom_r32                                        eeprom.o
eeprom_r8                                         eeprom.o
eeprom_save                                       eeprom.o
                                                  usart_recv.o
                                                  main.o
eeprom_w16                                        eeprom.o
                                                  usart_recv.o
eeprom_w32                                        eeprom.o
                                                  irc.o
eeprom_w8                                         eeprom.o
exit                                              c:/winavr-20090313/bin/../lib/gcc/avr/4.3.2/avr4\libgcc.a(_exit.o)
                                                  c:/winavr-20090313/bin/../lib/gcc/avr/4.3.2/../../../../avr/lib/avr4/crtm8.o
get_d_h                                           width.o
                                                  irc.o
ioinit                                            main.o
irc_counter                                       irc.o
                                                  eeprom.o
                                                  usart_recv.o
                                                  width.o
                                                  main.o
irc_dif_msg                                       irc.o
irc_get_d                                         irc.o
                                                  width.o
irc_get_k                                         irc.o
                                                  usart_recv.o
irc_init                                          irc.o
                                                  main.o
irc_k                                             eeprom.o
                                                  irc.o
                                                  usart_recv.o
                                                  width.o
                                                  main.o
irc_send_msg                                      irc.o
                                                  usart_recv.o
                                                  main.o
irc_set_on_value                                  irc.o
                                                  eeprom.o
                                                  usart_recv.o
                                                  width.o
                                                  main.o
irc_watch                                         irc.o
                                                  main.o
last_oper_with_irc_counter                        irc.o
main                                              main.o
                                                  c:/winavr-20090313/bin/../lib/gcc/avr/4.3.2/../../../../avr/lib/avr4/crtm8.o
msg_buffer                                        usart.o
msg_buffer_counter                                usart.o
new_msg                                           usart.o
                                                  irc.o
                                                  usart_recv.o
                                                  width.o
odesilame                                         usart.o
                                                  usart_recv.o
prev_state                                        irc.o
process_recived_msg                               usart.o
recived_msg                                       usart.o
recv_msg                                          usart_recv.o
                                                  usart.o
send_msg                                          usart.o
set_irc_k                                         irc.o
                                                  eeprom.o
                                                  usart_recv.o
set_irc_set_on_value                              irc.o
                                                  eeprom.o
                                                  usart_recv.o
test_message                                      usart.o
test_shutdown                                     main.o
to_transmitt_buffer                               usart.o
usart_recv_buff                                   usart.o
usart_recv_count                                  usart.o
usart_trans_buff                                  usart.o
usart_trans_count                                 usart.o
vysilame                                          usart.o
width_computation                                 width.o
width_counter                                     width.o
width_integrate_array                             width.o
width_multiplex_adress                            width.o
width_prepocet                                    width.o
                                                  irc.o
                                                  usart_recv.o
                                                  main.o
width_send_msg                                    width.o
width_slow_counter                                width.o
width_valid                                       width.o
width_value                                       width.o
width_watch                                       width.o
                                                  main.o
width_watch_init                                  width.o
                                                  main.o
